 zlibwapid

 Timestamp is 5382f498 (Mon May 26 16:00:24 2014)

 Preferred load address is 10000000

 Start         Length     Name                   Class
 0001:00000000 000376b5H .textbss                DATA
 0002:00000000 000720fdH .text                   CODE
 0002:00072100 00001139H .text$x                 CODE
 0003:00000000 00000104H .CRT$XCA                DATA
 0003:00000104 00000104H .CRT$XCZ                DATA
 0003:00000208 00000104H .CRT$XIA                DATA
 0003:0000030c 00000113H .CRT$XIC                DATA
 0003:00000420 00000104H .CRT$XIZ                DATA
 0003:00000524 00000104H .CRT$XPA                DATA
 0003:00000628 00000109H .CRT$XPX                DATA
 0003:00000734 00000104H .CRT$XPXA               DATA
 0003:00000838 00000104H .CRT$XPZ                DATA
 0003:0000093c 00000104H .CRT$XTA                DATA
 0003:00000a40 00000104H .CRT$XTZ                DATA
 0003:00000b50 00012b47H .rdata                  DATA
 0003:00013698 00000185H .rdata$debug            DATA
 0003:00013820 0000032fH .rdata$r                DATA
 0003:00013b50 00000104H .rtc$IAA                DATA
 0003:00013c54 00000104H .rtc$IZZ                DATA
 0003:00013d58 00000104H .rtc$TAA                DATA
 0003:00013e5c 00000104H .rtc$TZZ                DATA
 0003:00013f60 00000f82H .xdata$x                DATA
 0003:00014ef0 00000fb9H .edata                  DATA
 0004:00000000 00001513H .data                   DATA
 0004:00001520 00002578H .bss                    DATA
 0005:00000000 00000014H .idata$2                DATA
 0005:00000014 00000014H .idata$3                DATA
 0005:00000028 000001b4H .idata$4                DATA
 0005:000001dc 000001b4H .idata$5                DATA
 0005:00000390 00000790H .idata$6                DATA
 0006:00000000 00000169H .rsrc$01                DATA
 0006:00000170 000004dcH .rsrc$02                DATA

  Address         Publics by Value              Rva+Base       Lib:Object

 0000:00000000       ___safe_se_handler_table   00000000     <absolute>
 0000:00000000       ___safe_se_handler_count   00000000     <absolute>
 0000:00000000       __except_list              00000000     <absolute>
 0000:00000000       ___ImageBase               10000000     <linker-defined>
 0001:00000000       __enc$textbss$begin        10001000     <linker-defined>
 0001:000376b5       __enc$textbss$end          100386b5     <linker-defined>
 0002:00002a60       _longest_match             1003ba60 f   match686.obj
 0002:00002c48       _match_init                1003bc48 f   match686.obj
 0002:00002dd0       _inflate_fast              1003bdd0 f   inffas32.obj
 0002:00003650       _adler32@12                1003c650 f   adler32.obj
 0002:00003c00       _adler32_combine@12        1003cc00 f   adler32.obj
 0002:00003d80       _adler32_combine64@16      1003cd80 f   adler32.obj
 0002:00003dc0       _compress2@20              1003cdc0 f   compress.obj
 0002:00003ec0       _compress@16               1003cec0 f   compress.obj
 0002:00003f00       _compressBound@4           1003cf00 f   compress.obj
 0002:00003f40       _get_crc_table@0           1003cf40 f   crc32.obj
 0002:00003f60       _crc32@12                  1003cf60 f   crc32.obj
 0002:00004c60       _crc32_combine@12          1003dc60 f   crc32.obj
 0002:00004f50       _crc32_combine64@16        1003df50 f   crc32.obj
 0002:00004f90       _deflateInit_@16           1003df90 f   deflate.obj
 0002:00004fd0       _deflateInit2_@32          1003dfd0 f   deflate.obj
 0002:000053e0       _deflateSetDictionary@12   1003e3e0 f   deflate.obj
 0002:000056f0       _deflateResetKeep@4        1003e6f0 f   deflate.obj
 0002:00005830       _deflateReset@4            1003e830 f   deflate.obj
 0002:00005880       _deflateSetHeader@8        1003e880 f   deflate.obj
 0002:000058e0       _deflatePending@12         1003e8e0 f   deflate.obj
 0002:00005950       _deflatePrime@12           1003e950 f   deflate.obj
 0002:00005a70       _deflateParams@12          1003ea70 f   deflate.obj
 0002:00005c10       _deflateTune@20            1003ec10 f   deflate.obj
 0002:00005c90       _deflateBound@8            1003ec90 f   deflate.obj
 0002:00005e70       _deflate@8                 1003ee70 f   deflate.obj
 0002:00007280       _deflateEnd@4              10040280 f   deflate.obj
 0002:00007410       _deflateCopy@8             10040410 f   deflate.obj
 0002:00009c40       _gzclose@4                 10042c40 f   gzclose.obj
 0002:00009cb0       _gzopen@8                  10042cb0 f   gzlib.obj
 0002:0000a2d0       _gzopen64@8                100432d0 f   gzlib.obj
 0002:0000a300       _gzdopen@8                 10043300 f   gzlib.obj
 0002:0000a390       _gzopen_w@8                10043390 f   gzlib.obj
 0002:0000a3c0       _gzbuffer@8                100433c0 f   gzlib.obj
 0002:0000a440       _gzrewind@4                10043440 f   gzlib.obj
 0002:0000a4f0       _gzseek64@16               100434f0 f   gzlib.obj
 0002:0000a890       _gzseek@12                 10043890 f   gzlib.obj
 0002:0000a900       _gztell64@4                10043900 f   gzlib.obj
 0002:0000a9a0       _gztell@4                  100439a0 f   gzlib.obj
 0002:0000aa00       _gzoffset64@4              10043a00 f   gzlib.obj
 0002:0000aad0       _gzoffset@4                10043ad0 f   gzlib.obj
 0002:0000ab30       _gzeof@4                   10043b30 f   gzlib.obj
 0002:0000abb0       _gzerror@8                 10043bb0 f   gzlib.obj
 0002:0000ac60       _gzclearerr@4              10043c60 f   gzlib.obj
 0002:0000acf0       _gz_error                  10043cf0 f   gzlib.obj
 0002:0000ae30       _gzread@12                 10043e30 f   gzread.obj
 0002:0000b980       _gzgetc@4                  10044980 f   gzread.obj
 0002:0000ba80       _gzgetc_@4                 10044a80 f   gzread.obj
 0002:0000bab0       _gzungetc@8                10044ab0 f   gzread.obj
 0002:0000bcf0       _gzgets@12                 10044cf0 f   gzread.obj
 0002:0000bf00       _gzdirect@4                10044f00 f   gzread.obj
 0002:0000bf70       _gzclose_r@4               10044f70 f   gzread.obj
 0002:0000c090       _gzwrite@12                10045090 f   gzwrite.obj
 0002:0000c850       _gzputc@8                  10045850 f   gzwrite.obj
 0002:0000c9c0       _gzputs@8                  100459c0 f   gzwrite.obj
 0002:0000ca30       _gzvprintf                 10045a30 f   gzwrite.obj
 0002:0000cbd0       _gzprintf                  10045bd0 f   gzwrite.obj
 0002:0000cc20       _gzflush@8                 10045c20 f   gzwrite.obj
 0002:0000ccf0       _gzsetparams@12            10045cf0 f   gzwrite.obj
 0002:0000ce20       _gzclose_w@4               10045e20 f   gzwrite.obj
 0002:0000cf90       _inflateBackInit_@20       10045f90 f   infback.obj
 0002:0000d0e0       _inflateBack@20            100460e0 f   infback.obj
 0002:0000e9b0       _inflateBackEnd@4          100479b0 f   infback.obj
 0002:0000ea20       _inflateResetKeep@4        10047a20 f   inflate.obj
 0002:0000eb60       _inflateReset@4            10047b60 f   inflate.obj
 0002:0000ebd0       _inflateReset2@8           10047bd0 f   inflate.obj
 0002:0000ece0       _inflateInit2_@16          10047ce0 f   inflate.obj
 0002:0000ee20       _inflateInit_@12           10047e20 f   inflate.obj
 0002:0000ee50       _inflatePrime@12           10047e50 f   inflate.obj
 0002:0000ef20       _inflate@8                 10047f20 f   inflate.obj
 0002:00011a40       _inflateEnd@4              1004aa40 f   inflate.obj
 0002:00011af0       _inflateGetDictionary@12   1004aaf0 f   inflate.obj
 0002:00011bc0       _inflateSetDictionary@12   1004abc0 f   inflate.obj
 0002:00011cc0       _inflateGetHeader@8        1004acc0 f   inflate.obj
 0002:00011d30       _inflateSync@4             1004ad30 f   inflate.obj
 0002:00011fe0       _inflateSyncPoint@4        1004afe0 f   inflate.obj
 0002:00012050       _inflateCopy@8             1004b050 f   inflate.obj
 0002:00012290       _inflateUndermine@8        1004b290 f   inflate.obj
 0002:00012300       _inflateMark@4             1004b300 f   inflate.obj
 0002:000123a0       _inflate_table             1004b3a0 f   inftrees.obj
 0002:00012ad0       _call_zopen64              1004bad0 f   ioapi.obj
 0002:00012b40       _call_zseek64              1004bb40 f   ioapi.obj
 0002:00012bf0       _call_ztell64              1004bbf0 f   ioapi.obj
 0002:00012c70       _fill_zlib_filefunc64_32_def_from_filefunc32 1004bc70 f   ioapi.obj
 0002:00012d30       _fill_fopen_filefunc       1004bd30 f   ioapi.obj
 0002:00013000       _fill_fopen64_filefunc     1004c000 f   ioapi.obj
 0002:00013200       _win32_open64_file_func    1004c200 f   iowin32.obj
 0002:000133d0       _win32_open64_file_funcA   1004c3d0 f   iowin32.obj
 0002:00013460       _win32_open64_file_funcW   1004c460 f   iowin32.obj
 0002:000134f0       _win32_open_file_func      1004c4f0 f   iowin32.obj
 0002:00013580       _win32_read_file_func      1004c580 f   iowin32.obj
 0002:00013610       _win32_write_file_func     1004c610 f   iowin32.obj
 0002:000136a0       _win32_tell_file_func      1004c6a0 f   iowin32.obj
 0002:000137e0       _win32_tell64_file_func    1004c7e0 f   iowin32.obj
 0002:000138a0       _win32_seek_file_func      1004c8a0 f   iowin32.obj
 0002:000139a0       _win32_seek64_file_func    1004c9a0 f   iowin32.obj
 0002:00013a90       _win32_close_file_func     1004ca90 f   iowin32.obj
 0002:00013af0       _win32_error_file_func     1004caf0 f   iowin32.obj
 0002:00013b30       _fill_win32_filefunc       1004cb30 f   iowin32.obj
 0002:00013bb0       _fill_win32_filefunc64     1004cbb0 f   iowin32.obj
 0002:00013c30       _fill_win32_filefunc64A    1004cc30 f   iowin32.obj
 0002:00013cb0       _fill_win32_filefunc64W    1004ccb0 f   iowin32.obj
 0002:00013d30       __tr_init                  1004cd30 f   trees.obj
 0002:00013f20       __tr_stored_block          1004cf20 f   trees.obj
 0002:000140b0       __tr_flush_bits            1004d0b0 f   trees.obj
 0002:000140e0       __tr_align                 1004d0e0 f   trees.obj
 0002:000143d0       __tr_flush_block           1004d3d0 f   trees.obj
 0002:00016a50       __tr_tally                 1004fa50 f   trees.obj
 0002:00017aa0       _uncompress@16             10050aa0 f   uncompr.obj
 0002:00017ba0       _unzStringFileNameCompare@12 10050ba0 f   unzip.obj
 0002:00017cf0       _unzOpen2@8                10050cf0 f   unzip.obj
 0002:000190e0       _unzOpen2_64@8             100520e0 f   unzip.obj
 0002:00019150       _unzOpen@4                 10052150 f   unzip.obj
 0002:00019180       _unzOpen64@4               10052180 f   unzip.obj
 0002:000191b0       _unzClose@4                100521b0 f   unzip.obj
 0002:00019230       _unzGetGlobalInfo64@8      10052230 f   unzip.obj
 0002:00019290       _unzGetGlobalInfo@8        10052290 f   unzip.obj
 0002:000192e0       _unzGetCurrentFileInfo64@32 100522e0 f   unzip.obj
 0002:00019cf0       _unzGetCurrentFileInfo@32  10052cf0 f   unzip.obj
 0002:00019e30       _unzGoToFirstFile@4        10052e30 f   unzip.obj
 0002:00019ef0       _unzGoToNextFile@4         10052ef0 f   unzip.obj
 0002:0001a070       _unzLocateFile@12          10053070 f   unzip.obj
 0002:0001a230       _unzGetFilePos64@8         10053230 f   unzip.obj
 0002:0001a2c0       _unzGetFilePos@8           100532c0 f   unzip.obj
 0002:0001a310       _unzGoToFilePos64@8        10053310 f   unzip.obj
 0002:0001a3d0       _unzGoToFilePos@8          100533d0 f   unzip.obj
 0002:0001a430       _unzOpenCurrentFile3@20    10053430 f   unzip.obj
 0002:0001acb0       _unzOpenCurrentFile@4      10053cb0 f   unzip.obj
 0002:0001ace0       _unzOpenCurrentFilePassword@8 10053ce0 f   unzip.obj
 0002:0001ad10       _unzOpenCurrentFile2@16    10053d10 f   unzip.obj
 0002:0001ad50       _unzGetCurrentFileZStreamPos64@4 10053d50 f   unzip.obj
 0002:0001adc0       _unzReadCurrentFile@12     10053dc0 f   unzip.obj
 0002:0001b3f0       _unztell@4                 100543f0 f   unzip.obj
 0002:0001b450       _unztell64@4               10054450 f   unzip.obj
 0002:0001b4b0       _unzeof@4                  100544b0 f   unzip.obj
 0002:0001b530       _unzGetLocalExtrafield@12  10054530 f   unzip.obj
 0002:0001b690       _unzCloseCurrentFile@4     10054690 f   unzip.obj
 0002:0001b7b0       _unzGetGlobalComment@12    100547b0 f   unzip.obj
 0002:0001b8b0       _unzGetOffset64@4          100548b0 f   unzip.obj
 0002:0001b980       _unzGetOffset@4            10054980 f   unzip.obj
 0002:0001b9c0       _unzSetOffset64@12         100549c0 f   unzip.obj
 0002:0001ba70       _unzSetOffset@8            10054a70 f   unzip.obj
 0002:0001baa0       _LoadCentralDirectoryRecord 10054aa0 f   zip.obj
 0002:0001d030       _zipOpen3@16               10056030 f   zip.obj
 0002:0001d2b0       _zipOpen2@16               100562b0 f   zip.obj
 0002:0001d320       _zipOpen2_64@16            10056320 f   zip.obj
 0002:0001d3a0       _zipOpen@8                 100563a0 f   zip.obj
 0002:0001d3d0       _zipOpen64@8               100563d0 f   zip.obj
 0002:0001d400       _Write_LocalFileHeader     10056400 f   zip.obj
 0002:0001d950       _zipOpenNewFileInZip4_64@76 10056950 f   zip.obj
 0002:0001e7d0       _zipOpenNewFileInZip4@72   100577d0 f   zip.obj
 0002:0001e850       _zipOpenNewFileInZip3@64   10057850 f   zip.obj
 0002:0001e8d0       _zipOpenNewFileInZip3_64@68 100578d0 f   zip.obj
 0002:0001e950       _zipOpenNewFileInZip2@44   10057950 f   zip.obj
 0002:0001e9c0       _zipOpenNewFileInZip2_64@48 100579c0 f   zip.obj
 0002:0001ea30       _zipOpenNewFileInZip64@44  10057a30 f   zip.obj
 0002:0001eaa0       _zipOpenNewFileInZip@40    10057aa0 f   zip.obj
 0002:0001eb10       _zipWriteInFileInZip@12    10057b10 f   zip.obj
 0002:0001ef30       _zipCloseFileInZipRaw@12   10057f30 f   zip.obj
 0002:0001ef60       _zipCloseFileInZipRaw64@16 10057f60 f   zip.obj
 0002:0001f830       _zipCloseFileInZip@4       10058830 f   zip.obj
 0002:0001f860       _Write_Zip64EndOfCentralDirectoryLocator 10058860 f   zip.obj
 0002:0001f950       _Write_Zip64EndOfCentralDirectoryRecord 10058950 f   zip.obj
 0002:0001fb70       _Write_EndOfCentralDirectoryRecord 10058b70 f   zip.obj
 0002:0001fdf0       _Write_GlobalComment       10058df0 f   zip.obj
 0002:0001feb0       _zipClose@8                10058eb0 f   zip.obj
 0002:000201f0       _zipRemoveExtraInfoBlock@12 100591f0 f   zip.obj
 0002:00020370       _zlibVersion@0             10059370 f   zutil.obj
 0002:00020390       _zlibCompileFlags@0        10059390 f   zutil.obj
 0002:00020500       _zError@4                  10059500 f   zutil.obj
 0002:00020530       _zcalloc                   10059530 f   zutil.obj
 0002:00020570       _zcfree                    10059570 f   zutil.obj
 0002:00020594       _CreateFileA@28            10059594 f   kernel32:KERNEL32.dll
 0002:0002059a       _CloseHandle@4             1005959a f   kernel32:KERNEL32.dll
 0002:000205a0       _CreateFileW@28            100595a0 f   kernel32:KERNEL32.dll
 0002:000205a6       _GetLastError@0            100595a6 f   kernel32:KERNEL32.dll
 0002:000205ac       _ReadFile@20               100595ac f   kernel32:KERNEL32.dll
 0002:000205b2       _WriteFile@20              100595b2 f   kernel32:KERNEL32.dll
 0002:000205b8       _SetFilePointer@16         100595b8 f   kernel32:KERNEL32.dll
 0002:000205c0       __allrem                   100595c0 f   LIBCMTD:llrem.obj
 0002:000206a0       __allshr                   100596a0 f   LIBCMTD:llshr.obj
 0002:000206d0       _memset                    100596d0 f   LIBCMTD:memset.obj
 0002:00020770       _memcpy                    10059770 f   LIBCMTD:memcpy.obj
 0002:00020bb0       __lseeki64                 10059bb0 f   LIBCMTD:lseeki64.obj
 0002:00020e90       __lseeki64_nolock          10059e90 f   LIBCMTD:lseeki64.obj
 0002:00020fc0       __wopen                    10059fc0 f   LIBCMTD:wopen.obj
 0002:000211a0       __wsopen_helper            1005a1a0 f   LIBCMTD:wopen.obj
 0002:00022890       __invoke_watson_if_error   1005b890 f i LIBCMTD:wopen.obj
 0002:000228d0       __wsopen                   1005b8d0 f   LIBCMTD:wopen.obj
 0002:00022960       __wsopen_s                 1005b960 f   LIBCMTD:wopen.obj
 0002:00022990       __snprintf                 1005b990 f   LIBCMTD:snprintf.obj
 0002:00022bd0       __snprintf_l               1005bbd0 f   LIBCMTD:snprintf.obj
 0002:00022c10       _strlen                    1005bc10 f   LIBCMTD:strlen.obj
 0002:00022cc0       __wcstombs_l_helper        1005bcc0 f   LIBCMTD:wcstombs.obj
 0002:000232e0       ??0_LocaleUpdate@@QAE@PAUlocaleinfo_struct@@@Z 1005c2e0 f i LIBCMTD:wcstombs.obj
 0002:000233f0       ??1_LocaleUpdate@@QAE@XZ   1005c3f0 f i LIBCMTD:wcstombs.obj
 0002:00023430       ?GetLocaleT@_LocaleUpdate@@QAEPAUlocaleinfo_struct@@XZ 1005c430 f i LIBCMTD:wcstombs.obj
 0002:000234d0       __wcstombs_l               1005c4d0 f   LIBCMTD:wcstombs.obj
 0002:00023500       _wcstombs                  1005c500 f   LIBCMTD:wcstombs.obj
 0002:00023530       __wcstombs_s_l             1005c530 f   LIBCMTD:wcstombs.obj
 0002:00023920       _wcstombs_s                1005c920 f   LIBCMTD:wcstombs.obj
 0002:00023950       _free                      1005c950 f   LIBCMTD:dbgfree.obj
 0002:00023970       _malloc                    1005c970 f   LIBCMTD:dbgmalloc.obj
 0002:000239b0       _strerror                  1005c9b0 f   LIBCMTD:strerror.obj
 0002:00023a80       __get_sys_err_msg          1005ca80 f i LIBCMTD:strerror.obj
 0002:00023ad0       _strerror_s                1005cad0 f   LIBCMTD:strerror.obj
 0002:00023c40       __dosmaperr                1005cc40 f   LIBCMTD:dosmap.obj
 0002:00023c80       __get_errno_from_oserr     1005cc80 f   LIBCMTD:dosmap.obj
 0002:00023d20       __set_errno                1005cd20 f   LIBCMTD:dosmap.obj
 0002:00023d60       __get_errno                1005cd60 f   LIBCMTD:dosmap.obj
 0002:00023e00       __set_doserrno             1005ce00 f   LIBCMTD:dosmap.obj
 0002:00023e40       __get_doserrno             1005ce40 f   LIBCMTD:dosmap.obj
 0002:00023ee0       __errno                    1005cee0 f   LIBCMTD:dosmap.obj
 0002:00023f10       ___doserrno                1005cf10 f   LIBCMTD:dosmap.obj
 0002:00023f40       _memchr                    1005cf40 f   LIBCMTD:memchr.obj
 0002:00024020       __fsopen                   1005d020 f   LIBCMTD:fopen.obj
 0002:000242b0       _fopen                     1005d2b0 f   LIBCMTD:fopen.obj
 0002:000242d0       _fopen_s                   1005d2d0 f   LIBCMTD:fopen.obj
 0002:000243a0       _fread_s                   1005d3a0 f   LIBCMTD:fread.obj
 0002:00024520       __fread_nolock_s           1005d520 f   LIBCMTD:fread.obj
 0002:00024c70       _fread                     1005dc70 f   LIBCMTD:fread.obj
 0002:00024ca0       __fread_nolock             1005dca0 f   LIBCMTD:fread.obj
 0002:00024cd0       _fwrite                    1005dcd0 f   LIBCMTD:fwrite.obj
 0002:00024e20       __fwrite_nolock            1005de20 f   LIBCMTD:fwrite.obj
 0002:000252e0       _ftell                     1005e2e0 f   LIBCMTD:ftell.obj
 0002:00025400       __ftell_nolock             1005e400 f   LIBCMTD:ftell.obj
 0002:00025780       _fseek                     1005e780 f   LIBCMTD:fseek.obj
 0002:00025950       __fseek_nolock             1005e950 f   LIBCMTD:fseek.obj
 0002:00025a70       _fclose                    1005ea70 f   LIBCMTD:fclose.obj
 0002:00025bc0       __fclose_nolock            1005ebc0 f   LIBCMTD:fclose.obj
 0002:00025d00       _feof                      1005ed00 f   LIBCMTD:feoferr.obj
 0002:00025d90       _ferror                    1005ed90 f   LIBCMTD:feoferr.obj
 0002:00025e20       __ftelli64                 1005ee20 f   LIBCMTD:ftelli64.obj
 0002:00025f50       __ftelli64_nolock          1005ef50 f   LIBCMTD:ftelli64.obj
 0002:00026640       __fseeki64                 1005f640 f   LIBCMTD:fseeki64.obj
 0002:00026810       __fseeki64_nolock          1005f810 f   LIBCMTD:fseeki64.obj
 0002:000269a0       _strcmp                    1005f9a0 f   LIBCMTD:strcmp.obj
 0002:00026a50       __allshl                   1005fa50 f   LIBCMTD:llshl.obj
 0002:00026a80       __allmul                   1005fa80 f   LIBCMTD:llmul.obj
 0002:00026ad0       __aulldiv                  1005fad0 f   LIBCMTD:ulldiv.obj
 0002:00026b60       __aullshr                  1005fb60 f   LIBCMTD:ullshr.obj
 0002:00026b90       __alloca_probe             1005fb90     LIBCMTD:chkstk.obj
 0002:00026b90       __chkstk                   1005fb90 f   LIBCMTD:chkstk.obj
 0002:00026bd0       _srand                     1005fbd0 f   LIBCMTD:rand.obj
 0002:00026bf0       _rand                      1005fbf0 f   LIBCMTD:rand.obj
 0002:00026c40       __time64                   1005fc40 f   LIBCMTD:time64.obj
 0002:00026ce0       __CRT_INIT@12              1005fce0 f   LIBCMTD:dllcrt0.obj
 0002:00026f80       __DllMainCRTStartup@12     1005ff80 f   LIBCMTD:dllcrt0.obj
 0002:000271e0       __VEC_memzero              100601e0 f   LIBCMTD:p4_memset.obj
 0002:000272d0       ___sse2_available_init     100602d0 f   LIBCMTD:cpu_disp.obj
 0002:000272f0       __VEC_memcpy               100602f0 f   LIBCMTD:p4_memcpy.obj
 0002:00027440       __alloc_osfhnd             10060440 f   LIBCMTD:osfinfo.obj
 0002:000277a0       __set_osfhnd               100607a0 f   LIBCMTD:osfinfo.obj
 0002:000278a0       __free_osfhnd              100608a0 f   LIBCMTD:osfinfo.obj
 0002:000279c0       __get_osfhandle            100609c0 f   LIBCMTD:osfinfo.obj
 0002:00027b80       __open_osfhandle           10060b80 f   LIBCMTD:osfinfo.obj
 0002:00027e40       ___lock_fhandle            10060e40 f   LIBCMTD:osfinfo.obj
 0002:00027f80       __unlock_fhandle           10060f80 f   LIBCMTD:osfinfo.obj
 0002:00027fc0       __ioinit                   10060fc0 f   LIBCMTD:ioinit.obj
 0002:000284e0       __ioterm                   100614e0 f   LIBCMTD:ioinit.obj
 0002:000285b0       __initp_misc_invarg        100615b0 f   LIBCMTD:invarg.obj
 0002:000285d0       __invalid_parameter        100615d0 f   LIBCMTD:invarg.obj
 0002:00028640       __invoke_watson            10061640 f   LIBCMTD:invarg.obj
 0002:00028680       __call_reportfault         10061680 f   LIBCMTD:invarg.obj
 0002:00028830       __set_invalid_parameter_handler 10061830 f   LIBCMTD:invarg.obj
 0002:00028880       __get_invalid_parameter_handler 10061880 f   LIBCMTD:invarg.obj
 0002:000288c0       ?_invalid_parameter@@YAXPBG00II@Z 100618c0 f   LIBCMTD:invarg.obj
 0002:000288f0       ?_invoke_watson@@YAXPBG00II@Z 100618f0 f   LIBCMTD:invarg.obj
 0002:00028920       __CrtSetReportHookW2       10061920 f   LIBCMTD:dbgrptw.obj
 0002:00028d10       __CrtDbgReportW            10061d10 f   LIBCMTD:dbgrptw.obj
 0002:00028d60       __CrtDbgReportWV           10061d60 f i LIBCMTD:dbgrptw.obj
 0002:00028d90       ___crtMessageWindowW       10061d90 f   LIBCMTD:dbgrptw.obj
 0002:00029290       __invoke_watson_if_oneof   10062290 f i LIBCMTD:dbgrptw.obj
 0002:000292e0       ?_CrtDbgReportW@@YAHHPBGH00ZZ 100622e0 f   LIBCMTD:dbgrptw.obj
 0002:00029330       __except_handler4          10062330 f   LIBCMTD:chandler4.obj
 0002:000295e0       __write                    100625e0 f   LIBCMTD:write.obj
 0002:000295e0       _write                     100625e0 f   LIBCMTD:write.obj
 0002:00029890       __write_nolock             10062890 f   LIBCMTD:write.obj
 0002:0002a6a0       __chsize_s                 100636a0 f   LIBCMTD:chsize.obj
 0002:0002a9e0       __chsize_nolock            100639e0 f   LIBCMTD:chsize.obj
 0002:0002ad20       __chsize                   10063d20 f   LIBCMTD:chsize.obj
 0002:0002ad50       __read                     10063d50 f   LIBCMTD:read.obj
 0002:0002ad50       _read                      10063d50 f   LIBCMTD:read.obj
 0002:0002b090       __read_nolock              10064090 f   LIBCMTD:read.obj
 0002:0002c3b0       _close                     100653b0 f   LIBCMTD:close.obj
 0002:0002c3b0       __close                    100653b0 f   LIBCMTD:close.obj
 0002:0002c650       __close_nolock             10065650 f   LIBCMTD:close.obj
 0002:0002c750       __lseek                    10065750 f   LIBCMTD:lseek.obj
 0002:0002ca00       __lseek_nolock             10065a00 f   LIBCMTD:lseek.obj
 0002:0002cb10       __cinit                    10065b10 f   LIBCMTD:crt0dat.obj
 0002:0002cbe0       _exit                      10065be0 f   LIBCMTD:crt0dat.obj
 0002:0002cc00       __exit                     10065c00 f   LIBCMTD:crt0dat.obj
 0002:0002cc20       __cexit                    10065c20 f   LIBCMTD:crt0dat.obj
 0002:0002cc40       __c_exit                   10065c40 f   LIBCMTD:crt0dat.obj
 0002:0002cc60       __amsg_exit                10065c60 f   LIBCMTD:crt0dat.obj
 0002:0002cc90       ___freeCrtMemory           10065c90 f   LIBCMTD:crt0dat.obj
 0002:0002d0a0       ___crtCorExitProcess       100660a0 f   LIBCMTD:crt0dat.obj
 0002:0002d0f0       ___crtExitProcess          100660f0 f   LIBCMTD:crt0dat.obj
 0002:0002d120       __lockexit                 10066120 f   LIBCMTD:crt0dat.obj
 0002:0002d140       __unlockexit               10066140 f   LIBCMTD:crt0dat.obj
 0002:0002d160       __init_pointers            10066160 f   LIBCMTD:crt0dat.obj
 0002:0002d210       __initterm_e               10066210 f   LIBCMTD:crt0dat.obj
 0002:0002d260       __get_wpgmptr              10066260 f   LIBCMTD:crt0dat.obj
 0002:0002d390       __get_pgmptr               10066390 f   LIBCMTD:crt0dat.obj
 0002:0002d4c0       __setmode                  100664c0 f   LIBCMTD:setmode.obj
 0002:0002d7f0       __setmode_nolock           100667f0 f   LIBCMTD:setmode.obj
 0002:0002daf0       __set_fmode                10066af0 f   LIBCMTD:setmode.obj
 0002:0002dbd0       __get_fmode                10066bd0 f   LIBCMTD:setmode.obj
 0002:0002dc70       __flsbuf                   10066c70 f   LIBCMTD:_flsbuf.obj
 0002:0002dfe0       __output_l                 10066fe0 f   LIBCMTD:output.obj
 0002:0002f960       _get_int_arg               10068960 f i LIBCMTD:output.obj
 0002:0002f990       _get_int64_arg             10068990 f i LIBCMTD:output.obj
 0002:0002f9c0       _get_short_arg             100689c0 f i LIBCMTD:output.obj
 0002:0002f9f0       __vsnprintf_l              100689f0 f   LIBCMTD:vsnprint.obj
 0002:0002fc20       __vsnprintf                10068c20 f   LIBCMTD:vsnprint.obj
 0002:0002fc20       _vsnprintf                 10068c20 f   LIBCMTD:vsnprint.obj
 0002:0002fc50       @__security_check_cookie@4 10068c50 f   LIBCMTD:secchk.obj
 0002:0002fc70       ___updatetmbcinfo          10068c70 f   LIBCMTD:mbctype.obj
 0002:0002fdc0       __setmbcp                  10068dc0 f   LIBCMTD:mbctype.obj
 0002:00030250       __setmbcp_nolock           10069250 f   LIBCMTD:mbctype.obj
 0002:00030c30       __getmbcp                  10069c30 f   LIBCMTD:mbctype.obj
 0002:00030cc0       ___initmbctable            10069cc0 f   LIBCMTD:mbctype.obj
 0002:00030cf0       ___addlocaleref            10069cf0 f   LIBCMTD:localref.obj
 0002:00030e60       ___removelocaleref         10069e60 f   LIBCMTD:localref.obj
 0002:00030fe0       ___freetlocinfo            10069fe0 f   LIBCMTD:localref.obj
 0002:00031380       __updatetlocinfoEx_nolock  1006a380 f   LIBCMTD:localref.obj
 0002:00031420       ___updatetlocinfo          1006a420 f   LIBCMTD:localref.obj
 0002:00031520       __encoded_null             1006a520 f   LIBCMTD:tidtable.obj
 0002:00031540       ___crtTlsAlloc@4           1006a540 f   LIBCMTD:tidtable.obj
 0002:00031560       ___fls_getvalue@4          1006a560 f   LIBCMTD:tidtable.obj
 0002:00031590       ___get_flsindex            1006a590 f   LIBCMTD:tidtable.obj
 0002:000315a0       ___set_flsgetvalue         1006a5a0 f   LIBCMTD:tidtable.obj
 0002:00031600       ___fls_setvalue@8          1006a600 f   LIBCMTD:tidtable.obj
 0002:00031630       __mtinit                   1006a630 f   LIBCMTD:tidtable.obj
 0002:000318b0       __mtterm                   1006a8b0 f   LIBCMTD:tidtable.obj
 0002:00031920       __initptd                  1006a920 f   LIBCMTD:tidtable.obj
 0002:00031a90       __getptd_noexit            1006aa90 f   LIBCMTD:tidtable.obj
 0002:00031b80       __getptd                   1006ab80 f   LIBCMTD:tidtable.obj
 0002:00031bb0       __freefls@4                1006abb0 f   LIBCMTD:tidtable.obj
 0002:00031e40       __freeptd                  1006ae40 f   LIBCMTD:tidtable.obj
 0002:00031ee0       ___threadid                1006aee0 f   LIBCMTD:tidtable.obj
 0002:00031ef0       ___threadhandle            1006aef0 f   LIBCMTD:tidtable.obj
 0002:00031f00       __malloc_dbg               1006af00 f   LIBCMTD:dbgheap.obj
 0002:00031f40       __nh_malloc                1006af40 f   LIBCMTD:dbgheap.obj
 0002:00031f70       __nh_malloc_dbg            1006af70 f   LIBCMTD:dbgheap.obj
 0002:00032070       __heap_alloc               1006b070 f   LIBCMTD:dbgheap.obj
 0002:00032540       __heap_alloc_dbg           1006b540 f   LIBCMTD:dbgheap.obj
 0002:000325b0       __calloc_dbg_impl          1006b5b0 f   LIBCMTD:dbgheap.obj
 0002:00032650       __calloc_dbg               1006b650 f   LIBCMTD:dbgheap.obj
 0002:000326c0       __recalloc                 1006b6c0 f   LIBCMTD:dbgheap.obj
 0002:00032700       __realloc_dbg              1006b700 f   LIBCMTD:dbgheap.obj
 0002:00032f40       __recalloc_dbg             1006bf40 f   LIBCMTD:dbgheap.obj
 0002:00033020       __expand                   1006c020 f   LIBCMTD:dbgheap.obj
 0002:00033050       __expand_dbg               1006c050 f   LIBCMTD:dbgheap.obj
 0002:000331a0       __free_nolock              1006c1a0 f   LIBCMTD:dbgheap.obj
 0002:000331c0       __free_dbg                 1006c1c0 f   LIBCMTD:dbgheap.obj
 0002:00033260       __free_dbg_nolock          1006c260 f   LIBCMTD:dbgheap.obj
 0002:00033880       __msize                    1006c880 f   LIBCMTD:dbgheap.obj
 0002:000338a0       __msize_dbg                1006c8a0 f   LIBCMTD:dbgheap.obj
 0002:00033b00       __CrtSetBreakAlloc         1006cb00 f   LIBCMTD:dbgheap.obj
 0002:00033b30       __CrtSetDbgBlockType       1006cb30 f   LIBCMTD:dbgheap.obj
 0002:00033c50       __CrtSetAllocHook          1006cc50 f   LIBCMTD:dbgheap.obj
 0002:00033c80       __CrtGetAllocHook          1006cc80 f   LIBCMTD:dbgheap.obj
 0002:00033ce0       __CrtCheckMemory           1006cce0 f   LIBCMTD:dbgheap.obj
 0002:00034250       __CrtSetDbgFlag            1006d250 f   LIBCMTD:dbgheap.obj
 0002:000343f0       __CrtDoForAllClientObjects 1006d3f0 f   LIBCMTD:dbgheap.obj
 0002:00034560       __CrtIsValidPointer        1006d560 f   LIBCMTD:dbgheap.obj
 0002:00034580       __CrtIsValidHeapPointer    1006d580 f   LIBCMTD:dbgheap.obj
 0002:000345e0       __CrtIsMemoryBlock         1006d5e0 f   LIBCMTD:dbgheap.obj
 0002:000347b0       __CrtReportBlockType       1006d7b0 f   LIBCMTD:dbgheap.obj
 0002:000347f0       __CrtSetDumpClient         1006d7f0 f   LIBCMTD:dbgheap.obj
 0002:00034820       __CrtGetDumpClient         1006d820 f   LIBCMTD:dbgheap.obj
 0002:00034830       __CrtMemCheckpoint         1006d830 f   LIBCMTD:dbgheap.obj
 0002:00034ad0       __CrtMemDifference         1006dad0 f   LIBCMTD:dbgheap.obj
 0002:00034d70       __CrtMemDumpAllObjectsSince 1006dd70 f   LIBCMTD:dbgheap.obj
 0002:000353a0       __CrtDumpMemoryLeaks       1006e3a0 f   LIBCMTD:dbgheap.obj
 0002:00035440       __CrtMemDumpStatistics     1006e440 f   LIBCMTD:dbgheap.obj
 0002:00035590       __aligned_malloc           1006e590 f   LIBCMTD:dbgheap.obj
 0002:000355c0       __aligned_malloc_dbg       1006e5c0 f   LIBCMTD:dbgheap.obj
 0002:000355f0       __aligned_realloc          1006e5f0 f   LIBCMTD:dbgheap.obj
 0002:00035620       __aligned_recalloc         1006e620 f   LIBCMTD:dbgheap.obj
 0002:00035650       __aligned_realloc_dbg      1006e650 f   LIBCMTD:dbgheap.obj
 0002:00035680       __aligned_recalloc_dbg     1006e680 f   LIBCMTD:dbgheap.obj
 0002:000356c0       __aligned_offset_malloc    1006e6c0 f   LIBCMTD:dbgheap.obj
 0002:000356f0       __aligned_offset_malloc_dbg 1006e6f0 f   LIBCMTD:dbgheap.obj
 0002:00035920       __aligned_offset_realloc   1006e920 f   LIBCMTD:dbgheap.obj
 0002:00035950       __aligned_offset_recalloc  1006e950 f   LIBCMTD:dbgheap.obj
 0002:00035980       __aligned_offset_realloc_dbg 1006e980 f   LIBCMTD:dbgheap.obj
 0002:00035d30       __aligned_offset_recalloc_dbg 1006ed30 f   LIBCMTD:dbgheap.obj
 0002:00035e20       __aligned_free             1006ee20 f   LIBCMTD:dbgheap.obj
 0002:00035e40       __aligned_free_dbg         1006ee40 f   LIBCMTD:dbgheap.obj
 0002:00035f20       __CrtSetDebugFillThreshold 1006ef20 f   LIBCMTD:dbgheap.obj
 0002:00035f50       __CrtSetCheckCount         1006ef50 f   LIBCMTD:dbgheap.obj
 0002:00035f70       __CrtGetCheckCount         1006ef70 f   LIBCMTD:dbgheap.obj
 0002:00035f80       __aligned_msize            1006ef80 f   LIBCMTD:dbgheap.obj
 0002:00035fb0       __aligned_msize_dbg        1006efb0 f   LIBCMTD:dbgheap.obj
 0002:00036100       _strcpy_s                  1006f100 f   LIBCMTD:strcpy_s.obj
 0002:00036490       ___sys_nerr                1006f490 f   LIBCMTD:syserr.obj
 0002:000364a0       ___sys_errlist             1006f4a0 f   LIBCMTD:syserr.obj
 0002:000364b0       _strncpy_s                 1006f4b0 f   LIBCMTD:strncpy_s.obj
 0002:000369a0       ___iob_func                1006f9a0 f   LIBCMTD:_file.obj
 0002:000369b0       ___initstdio               1006f9b0 f   LIBCMTD:_file.obj
 0002:00036b50       ___endstdio                1006fb50 f   LIBCMTD:_file.obj
 0002:00036b90       __lock_file                1006fb90 f   LIBCMTD:_file.obj
 0002:00036c00       __lock_file2               1006fc00 f   LIBCMTD:_file.obj
 0002:00036c50       __unlock_file              1006fc50 f   LIBCMTD:_file.obj
 0002:00036cc0       __unlock_file2             1006fcc0 f   LIBCMTD:_file.obj
 0002:00036d10       __openfile                 1006fd10 f   LIBCMTD:_open.obj
 0002:000376c0       __getstream                100706c0 f   LIBCMTD:stream.obj
 0002:000379c0       __local_unwind4            100709c0 f   LIBCMTD:exsup4.obj
 0002:00037a96       __seh_longjmp_unwind4@4    10070a96 f   LIBCMTD:exsup4.obj
 0002:00037ab2       @_EH4_CallFilterFunc@8     10070ab2 f   LIBCMTD:exsup4.obj
 0002:00037ac9       @_EH4_TransferToHandler@8  10070ac9 f   LIBCMTD:exsup4.obj
 0002:00037ae2       @_EH4_GlobalUnwind2@8      10070ae2 f   LIBCMTD:exsup4.obj
 0002:00037afb       @_EH4_LocalUnwind@16       10070afb f   LIBCMTD:exsup4.obj
 0002:00037b70       __filbuf                   10070b70 f   LIBCMTD:_filbuf.obj
 0002:00037e50       __fileno                   10070e50 f   LIBCMTD:fileno.obj
 0002:00037ee0       _memcpy_s                  10070ee0 f   LIBCMTD:memcpy_s.obj
 0002:000380d0       _fflush                    100710d0 f   LIBCMTD:fflush.obj
 0002:00038190       __fflush_nolock            10071190 f   LIBCMTD:fflush.obj
 0002:00038200       __flush                    10071200 f   LIBCMTD:fflush.obj
 0002:000382f0       __flushall                 100712f0 f   LIBCMTD:fflush.obj
 0002:00038520       __freebuf                  10071520 f   LIBCMTD:_freebuf.obj
 0002:000385d0       __setenvp                  100715d0 f   LIBCMTD:stdenvp.obj
 0002:000387e0       __setargv                  100717e0 f   LIBCMTD:stdargv.obj
 0002:00038940       __set_pgmptr               10071940 f i LIBCMTD:stdargv.obj
 0002:00038da0       ___crtGetEnvironmentStringsA 10071da0 f   LIBCMTD:a_env.obj
 0002:00038ee0       __RTC_Initialize           10071ee0 f   LIBCMTD:_initsect_.obj
 0002:00038f10       __RTC_Terminate            10071f10 f   LIBCMTD:_initsect_.obj
 0002:00038f40       __heap_init                10071f40 f   LIBCMTD:heapinit.obj
 0002:00038f90       __heap_term                10071f90 f   LIBCMTD:heapinit.obj
 0002:00038fc0       __get_heap_handle          10071fc0 f   LIBCMTD:heapinit.obj
 0002:00039000       ___security_init_cookie    10072000 f   LIBCMTD:gs_support.obj
 0002:00039120       ___CppXcptFilter           10072120 f   LIBCMTD:winxfltr.obj
 0002:00039150       __XcptFilter               10072150 f   LIBCMTD:winxfltr.obj
 0002:00039440       _DllMain@12                10072440 f   LIBCMTD:dllmain.obj
 0002:00039460       __mtinitlocks              10072460 f   LIBCMTD:mlock.obj
 0002:00039510       __mtdeletelocks            10072510 f   LIBCMTD:mlock.obj
 0002:00039600       __mtinitlocknum            10072600 f   LIBCMTD:mlock.obj
 0002:000397a0       __lock                     100727a0 f   LIBCMTD:mlock.obj
 0002:000397f0       __unlock                   100727f0 f   LIBCMTD:mlock.obj
 0002:00039810       __lockerr_exit             10072810 f   LIBCMTD:mlock.obj
 0002:00039840       __CrtDefaultAllocHook      10072840 f   LIBCMTD:dbghook.obj
 0002:00039850       __crt_debugger_hook        10072850 f   LIBCMTD:dbghook.obj
 0002:00039870       __CrtDbgBreak              10072870 f   LIBCMTD:dbgrptt.obj
 0002:00039880       __CrtSetReportMode         10072880 f   LIBCMTD:dbgrptt.obj
 0002:00039a10       __CrtSetReportFile         10072a10 f   LIBCMTD:dbgrptt.obj
 0002:00039b40       __CrtSetReportHook         10072b40 f   LIBCMTD:dbgrptt.obj
 0002:00039b70       __CrtGetReportHook         10072b70 f   LIBCMTD:dbgrptt.obj
 0002:00039b80       __VCrtDbgReportA           10072b80 f   LIBCMTD:dbgrptt.obj
 0002:0003a5b0       __VCrtDbgReportW           100735b0 f   LIBCMTD:dbgrptt.obj
 0002:0003b130       __initp_misc_winsig        10074130 f   LIBCMTD:winsig.obj
 0002:0003b170       _signal                    10074170 f   LIBCMTD:winsig.obj
 0002:0003b720       _raise                     10074720 f   LIBCMTD:winsig.obj
 0002:0003bb70       ___get_sigabrt             10074b70 f   LIBCMTD:winsig.obj
 0002:0003bb90       ___fpecode                 10074b90 f   LIBCMTD:winsig.obj
 0002:0003bbb0       ___pxcptinfoptrs           10074bb0 f   LIBCMTD:winsig.obj
 0002:0003bbd0       ___crtMessageBoxW          10074bd0 f   LIBCMTD:crtmboxw.obj
 0002:0003be80       __swprintf                 10074e80 f   LIBCMTD:swprintf.obj
 0002:0003c100       ___swprintf_l              10075100 f   LIBCMTD:swprintf.obj
 0002:0003c140       _swprintf_s                10075140 f   LIBCMTD:swprintf.obj
 0002:0003c180       __snwprintf_s              10075180 f   LIBCMTD:swprintf.obj
 0002:0003c1c0       __swprintf_p               100751c0 f   LIBCMTD:swprintf.obj
 0002:0003c200       __swprintf_s_l             10075200 f   LIBCMTD:swprintf.obj
 0002:0003c240       __snwprintf_s_l            10075240 f   LIBCMTD:swprintf.obj
 0002:0003c280       __swprintf_p_l             10075280 f   LIBCMTD:swprintf.obj
 0002:0003c2c0       __scwprintf                100752c0 f   LIBCMTD:swprintf.obj
 0002:0003c2f0       __scwprintf_p              100752f0 f   LIBCMTD:swprintf.obj
 0002:0003c320       __scwprintf_l              10075320 f   LIBCMTD:swprintf.obj
 0002:0003c350       __scwprintf_p_l            10075350 f   LIBCMTD:swprintf.obj
 0002:0003c380       _wcslen                    10075380 f   LIBCMTD:wcslen.obj
 0002:0003c3c0       _wcscpy_s                  100753c0 f   LIBCMTD:wcscpy_s.obj
 0002:0003c760       __ValidateImageBase        10075760 f   LIBCMTD:pesect.obj
 0002:0003c7e0       __FindPESection            100757e0 f   LIBCMTD:pesect.obj
 0002:0003c880       __IsNonwritableInCurrentImage 10075880 f   LIBCMTD:pesect.obj
 0002:0003c9e0       __putwch                   100759e0 f   LIBCMTD:putwch.obj
 0002:0003ca90       __putwch_nolock            10075a90 f   LIBCMTD:putwch.obj
 0002:0003cb00       __mbtowc_l                 10075b00 f   LIBCMTD:mbtowc.obj
 0002:0003cda0       _mbtowc                    10075da0 f   LIBCMTD:mbtowc.obj
 0002:0003cdd0       __isleadbyte_l             10075dd0 f i LIBCMTD:_wctype.obj
 0002:0003ce30       _isleadbyte                10075e30 f i LIBCMTD:_wctype.obj
 0002:0003ce50       __iswalpha_l               10075e50 f i LIBCMTD:_wctype.obj
 0002:0003ce70       _iswalpha                  10075e70 f i LIBCMTD:_wctype.obj
 0002:0003ce90       __iswupper_l               10075e90 f i LIBCMTD:_wctype.obj
 0002:0003ceb0       _iswupper                  10075eb0 f i LIBCMTD:_wctype.obj
 0002:0003ced0       __iswlower_l               10075ed0 f i LIBCMTD:_wctype.obj
 0002:0003cef0       _iswlower                  10075ef0 f i LIBCMTD:_wctype.obj
 0002:0003cf10       __iswdigit_l               10075f10 f i LIBCMTD:_wctype.obj
 0002:0003cf30       _iswdigit                  10075f30 f i LIBCMTD:_wctype.obj
 0002:0003cf50       __iswxdigit_l              10075f50 f i LIBCMTD:_wctype.obj
 0002:0003cf70       _iswxdigit                 10075f70 f i LIBCMTD:_wctype.obj
 0002:0003cf90       __iswspace_l               10075f90 f i LIBCMTD:_wctype.obj
 0002:0003cfb0       _iswspace                  10075fb0 f i LIBCMTD:_wctype.obj
 0002:0003cfd0       __iswpunct_l               10075fd0 f i LIBCMTD:_wctype.obj
 0002:0003cff0       _iswpunct                  10075ff0 f i LIBCMTD:_wctype.obj
 0002:0003d010       __iswalnum_l               10076010 f i LIBCMTD:_wctype.obj
 0002:0003d030       _iswalnum                  10076030 f i LIBCMTD:_wctype.obj
 0002:0003d050       __iswprint_l               10076050 f i LIBCMTD:_wctype.obj
 0002:0003d070       _iswprint                  10076070 f i LIBCMTD:_wctype.obj
 0002:0003d090       __iswgraph_l               10076090 f i LIBCMTD:_wctype.obj
 0002:0003d0b0       _iswgraph                  100760b0 f i LIBCMTD:_wctype.obj
 0002:0003d0d0       __iswcntrl_l               100760d0 f i LIBCMTD:_wctype.obj
 0002:0003d0f0       _iswcntrl                  100760f0 f i LIBCMTD:_wctype.obj
 0002:0003d110       _iswascii                  10076110 f i LIBCMTD:_wctype.obj
 0002:0003d130       __iswcsym_l                10076130 f i LIBCMTD:_wctype.obj
 0002:0003d180       ___iswcsym                 10076180 f i LIBCMTD:_wctype.obj
 0002:0003d1d0       __iswcsymf_l               100761d0 f i LIBCMTD:_wctype.obj
 0002:0003d220       ___iswcsymf                10076220 f i LIBCMTD:_wctype.obj
 0002:0003d270       __isatty                   10076270 f   LIBCMTD:isatty.obj
 0002:0003d360       __onexit                   10076360 f   LIBCMTD:onexit.obj
 0002:0003d5a0       _atexit                    100765a0 f   LIBCMTD:onexit.obj
 0002:0003d5d0       ___onexitinit              100765d0 f   LIBCMTD:onexit.obj
 0002:0003d640       __initp_misc_cfltcvt_tab   10076640 f   LIBCMTD:cmiscdat.obj
 0002:0003d690       __FF_MSGBANNER             10076690 f   LIBCMTD:crt0msg.obj
 0002:0003d6f0       __GET_RTERRMSG             100766f0 f   LIBCMTD:crt0msg.obj
 0002:0003d750       __NMSG_WRITE               10076750 f   LIBCMTD:crt0msg.obj
 0002:0003db50       __initp_eh_hooks           10076b50 f   LIBCMTD:hooks.obj
 0002:0003db70       ?terminate@@YAXXZ          10076b70 f   LIBCMTD:hooks.obj
 0002:0003dc10       ?unexpected@@YAXXZ         10076c10 f   LIBCMTD:hooks.obj
 0002:0003dc40       ?_inconsistency@@YAXXZ     10076c40 f   LIBCMTD:hooks.obj
 0002:0003dcf0       __initp_misc_rand_s        10076cf0 f   LIBCMTD:rand_s.obj
 0002:0003dd10       _rand_s                    10076d10 f   LIBCMTD:rand_s.obj
 0002:0003dfb0       ___getlocaleinfo           10076fb0 f   LIBCMTD:inithelp.obj
 0002:0003e340       __initp_misc_purevirt      10077340 f   LIBCMTD:inithelp.obj
 0002:0003e360       __initp_heap_handler       10077360 f   LIBCMTD:handler.obj
 0002:0003e380       ?_set_new_handler@@YAP6AHI@ZP6AHI@Z@Z 10077380 f   LIBCMTD:handler.obj
 0002:0003e3d0       ?_set_new_handler@@YAP6AHI@ZH@Z 100773d0 f   LIBCMTD:handler.obj
 0002:0003e420       ?_query_new_handler@@YAP6AHI@ZXZ 10077420 f   LIBCMTD:handler.obj
 0002:0003e440       __callnewh                 10077440 f   LIBCMTD:handler.obj
 0002:0003e490       __getbuf                   10077490 f   LIBCMTD:_getbuf.obj
 0002:0003e590       _printf                    10077590 f   LIBCMTD:printf.obj
 0002:0003e720       __printf_l                 10077720 f   LIBCMTD:printf.obj
 0002:0003e750       __printf_s_l               10077750 f   LIBCMTD:printf.obj
 0002:0003e780       _printf_s                  10077780 f   LIBCMTD:printf.obj
 0002:0003e7b0       __printf_p_l               100777b0 f   LIBCMTD:printf.obj
 0002:0003e7e0       __printf_p                 100777e0 f   LIBCMTD:printf.obj
 0002:0003e810       __set_printf_count_output  10077810 f   LIBCMTD:printf.obj
 0002:0003e870       __get_printf_count_output  10077870 f   LIBCMTD:printf.obj
 0002:0003e8a0       __wctomb_s_l               100778a0 f   LIBCMTD:wctomb.obj
 0002:0003ec60       _wctomb_s                  10077c60 f   LIBCMTD:wctomb.obj
 0002:0003ec90       __wctomb_l                 10077c90 f   LIBCMTD:wctomb.obj
 0002:0003ed30       _wctomb                    10077d30 f   LIBCMTD:wctomb.obj
 0002:0003ed90       __aullrem                  10077d90 f   LIBCMTD:ullrem.obj
 0002:0003ee30       ___report_gsfailure        10077e30 f   LIBCMTD:gs_report.obj
 0002:0003ef90       ?_JumpToContinuation@@YGXPAXPAUEHRegistrationNode@@@Z 10077f90 f   LIBCMTD:_trnsctrl_.obj
 0002:0003efe0       ?_CallMemberFunction0@@YGXPAX0@Z 10077fe0 f   LIBCMTD:_trnsctrl_.obj
 0002:0003eff0       ?_CallMemberFunction1@@YGXPAX00@Z 10077ff0 f   LIBCMTD:_trnsctrl_.obj
 0002:0003f000       ?_CallMemberFunction2@@YGXPAX00H@Z 10078000 f   LIBCMTD:_trnsctrl_.obj
 0002:0003f010       ?_UnwindNestedFrames@@YGXPAUEHRegistrationNode@@PAUEHExceptionRecord@@@Z 10078010 f   LIBCMTD:_trnsctrl_.obj
 0002:0003f080       ___CxxFrameHandler         10078080 f   LIBCMTD:_trnsctrl_.obj
 0002:0003f0d0       ___CxxFrameHandler3        100780d0 f   LIBCMTD:_trnsctrl_.obj
 0002:0003f120       ___CxxFrameHandler2        10078120 f   LIBCMTD:_trnsctrl_.obj
 0002:0003f170       ___CxxLongjmpUnwind@4      10078170 f   LIBCMTD:_trnsctrl_.obj
 0002:0003f1b0       ?_CallCatchBlock2@@YAPAXPAUEHRegistrationNode@@PBU_s_FuncInfo@@PAXHK@Z 100781b0 f   LIBCMTD:_trnsctrl_.obj
 0002:0003f2a0       ?_CallSETranslator@@YAHPAUEHExceptionRecord@@PAUEHRegistrationNode@@PAX2PBU_s_FuncInfo@@H1@Z 100782a0 f   LIBCMTD:_trnsctrl_.obj
 0002:0003f4b0       ?_GetRangeOfTrysToCheck@@YAPBU_s_TryBlockMapEntry@@PBU_s_FuncInfo@@HHPAI1@Z 100784b0 f   LIBCMTD:_trnsctrl_.obj
 0002:0003f550       __CreateFrameInfo          10078550 f   LIBCMTD:_trnsctrl_.obj
 0002:0003f590       __IsExceptionObjectToBeDestroyed 10078590 f   LIBCMTD:_trnsctrl_.obj
 0002:0003f5d0       __FindAndUnlinkFrame       100785d0 f   LIBCMTD:_trnsctrl_.obj
 0002:0003f640       ___crtLCMapStringA         10078640 f   LIBCMTD:a_map.obj
 0002:0003f9f0       __MarkAllocaS              100789f0 f i LIBCMTD:a_map.obj
 0002:0003fa20       __freea                    10078a20 f i LIBCMTD:a_map.obj
 0002:0003fb00       ___crtGetStringTypeA       10078b00 f   LIBCMTD:a_str.obj
 0002:0003fcc0       ___init_time               10078cc0 f   LIBCMTD:inittime.obj
 0002:00040d30       ___free_lc_time            10079d30 f   LIBCMTD:inittime.obj
 0002:00041540       ___init_numeric            1007a540 f   LIBCMTD:initnum.obj
 0002:000419e0       ___free_lconv_num          1007a9e0 f   LIBCMTD:initnum.obj
 0002:00041ac0       ___init_monetary           1007aac0 f   LIBCMTD:initmon.obj
 0002:00042220       ___free_lconv_mon          1007b220 f   LIBCMTD:initmon.obj
 0002:00042430       _localeconv                1007b430 f   LIBCMTD:lconv.obj
 0002:00042490       ___pwctype_func            1007b490 f   LIBCMTD:ctype.obj
 0002:000424a0       ___pctype_func             1007b4a0 f   LIBCMTD:ctype.obj
 0002:00042500       __malloc_base              1007b500 f   LIBCMTD:malloc.obj
 0002:000425b0       __heap_alloc_base          1007b5b0 f i LIBCMTD:malloc.obj
 0002:00042620       __CrtSetReportHook2        1007b620 f   LIBCMTD:dbgrpt.obj
 0002:00042a10       __CrtDbgReport             1007ba10 f   LIBCMTD:dbgrpt.obj
 0002:00042a60       __CrtDbgReportV            1007ba60 f i LIBCMTD:dbgrpt.obj
 0002:00042a90       ___crtMessageWindowA       1007ba90 f   LIBCMTD:dbgrpt.obj
 0002:00042f90       __expand_base              1007bf90 f   LIBCMTD:expand.obj
 0002:00043140       __realloc_base             1007c140 f   LIBCMTD:realloc.obj
 0002:00043280       __free_base                1007c280 f   LIBCMTD:free.obj
 0002:000432f0       __heapchk                  1007c2f0 f   LIBCMTD:heapchk.obj
 0002:00043330       __heapset                  1007c330 f   LIBCMTD:heapchk.obj
 0002:00043340       _sprintf                   1007c340 f   LIBCMTD:sprintf.obj
 0002:00043540       __sprintf_l                1007c540 f   LIBCMTD:sprintf.obj
 0002:00043580       _sprintf_s                 1007c580 f   LIBCMTD:sprintf.obj
 0002:000435c0       __sprintf_s_l              1007c5c0 f   LIBCMTD:sprintf.obj
 0002:00043600       __snprintf_s               1007c600 f   LIBCMTD:sprintf.obj
 0002:00043640       __snprintf_s_l             1007c640 f   LIBCMTD:sprintf.obj
 0002:00043680       __sprintf_p                1007c680 f   LIBCMTD:sprintf.obj
 0002:000436c0       __sprintf_p_l              1007c6c0 f   LIBCMTD:sprintf.obj
 0002:00043700       __scprintf                 1007c700 f   LIBCMTD:sprintf.obj
 0002:00043730       __scprintf_p               1007c730 f   LIBCMTD:sprintf.obj
 0002:00043760       __scprintf_l               1007c760 f   LIBCMTD:sprintf.obj
 0002:00043790       __scprintf_p_l             1007c790 f   LIBCMTD:sprintf.obj
 0002:000437c0       __chvalidator              1007c7c0 f   LIBCMTD:isctype.obj
 0002:00043820       __chvalidator_l            1007c820 f   LIBCMTD:isctype.obj
 0002:00043900       __isctype_l                1007c900 f   LIBCMTD:isctype.obj
 0002:00043a60       __isctype                  1007ca60 f   LIBCMTD:isctype.obj
 0002:00043ab0       __fcloseall                1007cab0 f   LIBCMTD:closeall.obj
 0002:00043c30       __open                     1007cc30 f   LIBCMTD:open.obj
 0002:00043c30       _open                      1007cc30 f   LIBCMTD:open.obj
 0002:00043e10       __sopen_helper             1007ce10 f   LIBCMTD:open.obj
 0002:00045500       __sopen                    1007e500 f   LIBCMTD:open.obj
 0002:00045590       __sopen_s                  1007e590 f   LIBCMTD:open.obj
 0002:000455c0       __mbsnbicmp_l              1007e5c0 f   LIBCMTD:mbsnbicm.obj
 0002:00045b90       __mbsnbicmp                1007eb90 f   LIBCMTD:mbsnbicm.obj
 0002:00045bc0       __mbsnbcmp_l               1007ebc0 f   LIBCMTD:mbsnbcmp.obj
 0002:00045f60       __mbsnbcmp                 1007ef60 f   LIBCMTD:mbsnbcmp.obj
 0002:00045f90       __global_unwind2           1007ef90 f   LIBCMTD:exsup.obj
 0002:00045ff5       __local_unwind2            1007eff5 f   LIBCMTD:exsup.obj
 0002:00046079       __abnormal_termination     1007f079 f   LIBCMTD:exsup.obj
 0002:0004609c       __NLG_Notify1              1007f09c f   LIBCMTD:exsup.obj
 0002:000460a5       __NLG_Notify               1007f0a5 f   LIBCMTD:exsup.obj
 0002:000460bc       __NLG_Dispatch2            1007f0bc     LIBCMTD:exsup.obj
 0002:000460bc       __NLG_Dispatch             1007f0bc     LIBCMTD:exsup.obj
 0002:000460c4       __NLG_Call                 1007f0c4 f   LIBCMTD:exsup.obj
 0002:000460c6       __NLG_Return2              1007f0c6     LIBCMTD:exsup.obj
 0002:00046120       __commit                   1007f120 f   LIBCMTD:commit.obj
 0002:000463c0       __ismbbkalnum_l            1007f3c0 f   LIBCMTD:ismbbyte.obj
 0002:000463f0       __ismbbkalnum              1007f3f0 f   LIBCMTD:ismbbyte.obj
 0002:00046410       __ismbbkprint_l            1007f410 f   LIBCMTD:ismbbyte.obj
 0002:00046440       __ismbbkprint              1007f440 f   LIBCMTD:ismbbyte.obj
 0002:00046460       __ismbbkpunct_l            1007f460 f   LIBCMTD:ismbbyte.obj
 0002:00046490       __ismbbkpunct              1007f490 f   LIBCMTD:ismbbyte.obj
 0002:000464b0       __ismbbalnum_l             1007f4b0 f   LIBCMTD:ismbbyte.obj
 0002:000464e0       __ismbbalnum               1007f4e0 f   LIBCMTD:ismbbyte.obj
 0002:00046510       __ismbbalpha_l             1007f510 f   LIBCMTD:ismbbyte.obj
 0002:00046540       __ismbbalpha               1007f540 f   LIBCMTD:ismbbyte.obj
 0002:00046570       __ismbbgraph_l             1007f570 f   LIBCMTD:ismbbyte.obj
 0002:000465a0       __ismbbgraph               1007f5a0 f   LIBCMTD:ismbbyte.obj
 0002:000465d0       __ismbbprint_l             1007f5d0 f   LIBCMTD:ismbbyte.obj
 0002:00046600       __ismbbprint               1007f600 f   LIBCMTD:ismbbyte.obj
 0002:00046630       __ismbbpunct_l             1007f630 f   LIBCMTD:ismbbyte.obj
 0002:00046660       __ismbbpunct               1007f660 f   LIBCMTD:ismbbyte.obj
 0002:00046680       __ismbblead_l              1007f680 f   LIBCMTD:ismbbyte.obj
 0002:000466b0       __ismbblead                1007f6b0 f   LIBCMTD:ismbbyte.obj
 0002:000466d0       __ismbbtrail_l             1007f6d0 f   LIBCMTD:ismbbyte.obj
 0002:00046700       __ismbbtrail               1007f700 f   LIBCMTD:ismbbyte.obj
 0002:00046720       __ismbbkana_l              1007f720 f   LIBCMTD:ismbbyte.obj
 0002:000467b0       __ismbbkana                1007f7b0 f   LIBCMTD:ismbbyte.obj
 0002:000468d0       __mbstowcs_l_helper        1007f8d0 f   LIBCMTD:mbstowcs.obj
 0002:00046d00       __mbstowcs_l               1007fd00 f   LIBCMTD:mbstowcs.obj
 0002:00046d30       _mbstowcs                  1007fd30 f   LIBCMTD:mbstowcs.obj
 0002:00046d90       __mbstowcs_s_l             1007fd90 f   LIBCMTD:mbstowcs.obj
 0002:000471f0       _mbstowcs_s                100801f0 f   LIBCMTD:mbstowcs.obj
 0002:00047220       _strcat_s                  10080220 f   LIBCMTD:strcat_s.obj
 0002:000476f0       __vsnprintf_helper         100806f0 f   LIBCMTD:vsnprnc.obj
 0002:00047950       __vsnprintf_c              10080950 f   LIBCMTD:vsnprnc.obj
 0002:000479b0       __vsnprintf_c_l            100809b0 f   LIBCMTD:vsnprnc.obj
 0002:00047a10       __vsprintf_s_l             10080a10 f   LIBCMTD:vsnprnc.obj
 0002:00047d10       _vsprintf_s                10080d10 f   LIBCMTD:vsnprnc.obj
 0002:00047d40       __vsnprintf_s_l            10080d40 f   LIBCMTD:vsnprnc.obj
 0002:000481c0       __vsnprintf_s              100811c0 f   LIBCMTD:vsnprnc.obj
 0002:000481f0       __vsprintf_p               100811f0 f   LIBCMTD:vsnprnc.obj
 0002:00048250       __vsprintf_p_l             10081250 f   LIBCMTD:vsnprnc.obj
 0002:000482b0       __itoa_s                   100812b0 f   LIBCMTD:xtoas.obj
 0002:00048760       __ltoa_s                   10081760 f   LIBCMTD:xtoas.obj
 0002:000487b0       __ultoa_s                  100817b0 f   LIBCMTD:xtoas.obj
 0002:000487e0       __i64toa_s                 100817e0 f   LIBCMTD:xtoas.obj
 0002:00048ce0       __ui64toa_s                10081ce0 f   LIBCMTD:xtoas.obj
 0002:00048d10       _wcscat_s                  10081d10 f   LIBCMTD:wcscat_s.obj
 0002:000491f0       __vswprintf_helper         100821f0 f   LIBCMTD:vswprnc.obj
 0002:000494e0       __vswprintf_c              100824e0 f   LIBCMTD:vswprnc.obj
 0002:00049540       __vswprintf_c_l            10082540 f   LIBCMTD:vswprnc.obj
 0002:000495a0       __vswprintf_s_l            100825a0 f   LIBCMTD:vswprnc.obj
 0002:000498a0       _vswprintf_s               100828a0 f   LIBCMTD:vswprnc.obj
 0002:000498d0       __vsnwprintf_s_l           100828d0 f   LIBCMTD:vswprnc.obj
 0002:00049d70       __vsnwprintf_s             10082d70 f   LIBCMTD:vswprnc.obj
 0002:00049da0       __vswprintf_p              10082da0 f   LIBCMTD:vswprnc.obj
 0002:00049e00       __vswprintf_p_l            10082e00 f   LIBCMTD:vswprnc.obj
 0002:00049e60       __itow_s                   10082e60 f   LIBCMTD:xtows.obj
 0002:0004a330       __ltow_s                   10083330 f   LIBCMTD:xtows.obj
 0002:0004a380       __ultow_s                  10083380 f   LIBCMTD:xtows.obj
 0002:0004a3b0       __i64tow_s                 100833b0 f   LIBCMTD:xtows.obj
 0002:0004a8d0       __ui64tow_s                100838d0 f   LIBCMTD:xtows.obj
 0002:0004a900       __woutput_l                10083900 f   LIBCMTD:woutput.obj
 0002:0004bf80       __vswprintf_l              10084f80 f   LIBCMTD:vswprint.obj
 0002:0004c1f0       __vswprintf                100851f0 f   LIBCMTD:vswprint.obj
 0002:0004c220       ___vswprintf_l             10085220 f   LIBCMTD:vswprint.obj
 0002:0004c250       __vscwprintf_helper        10085250 f   LIBCMTD:vswprint.obj
 0002:0004c360       __vscwprintf               10085360 f   LIBCMTD:vswprint.obj
 0002:0004c390       __vscwprintf_l             10085390 f   LIBCMTD:vswprint.obj
 0002:0004c3c0       __vscwprintf_p             100853c0 f   LIBCMTD:vswprint.obj
 0002:0004c3f0       __vscwprintf_p_l           100853f0 f   LIBCMTD:vswprint.obj
 0002:0004c420       ___initconout              10085420 f   LIBCMTD:initcon.obj
 0002:0004c450       ___termconout              10085450 f   LIBCMTD:initcon.obj
 0002:0004c480       __iswctype_l               10085480 f   LIBCMTD:iswctype.obj
 0002:0004c4a0       _iswctype                  100854a0 f   LIBCMTD:iswctype.obj
 0002:0004c520       _is_wctype                 10085520 f   LIBCMTD:iswctype.obj
 0002:0004c540       __fptrap                   10085540 f   LIBCMTD:crt0fp.obj
 0002:0004c560       __set_error_mode           10085560 f   LIBCMTD:errmode.obj
 0002:0004c650       ___set_app_type            10085650 f   LIBCMTD:errmode.obj
 0002:0004c670       _wcsncpy_s                 10085670 f   LIBCMTD:wcsncpy_s.obj
 0002:0004cb80       _abort                     10085b80 f   LIBCMTD:abort.obj
 0002:0004cc00       __set_abort_behavior       10085c00 f   LIBCMTD:abort.obj
 0002:0004cc40       ___crtGetLocaleInfoA       10085c40 f   LIBCMTD:a_loc.obj
 0002:0004cdf0       __stbuf                    10085df0 f   LIBCMTD:_sftbuf.obj
 0002:0004cfa0       __ftbuf                    10085fa0 f   LIBCMTD:_sftbuf.obj
 0002:0004d050       _vprintf_helper            10086050 f   LIBCMTD:vprintf.obj
 0002:0004d1b0       __vprintf_l                100861b0 f   LIBCMTD:vprintf.obj
 0002:0004d1e0       __vprintf_s_l              100861e0 f   LIBCMTD:vprintf.obj
 0002:0004d210       __vprintf_p_l              10086210 f   LIBCMTD:vprintf.obj
 0002:0004d240       _vprintf                   10086240 f   LIBCMTD:vprintf.obj
 0002:0004d270       _vprintf_s                 10086270 f   LIBCMTD:vprintf.obj
 0002:0004d2a0       __vprintf_p                100862a0 f   LIBCMTD:vprintf.obj
 0002:0004d2d0       ___init_ctype              100862d0 f   LIBCMTD:initctyp.obj
 0002:0004d9f0       ____mb_cur_max_func        100869f0 f   LIBCMTD:initctyp.obj
 0002:0004da50       ____mb_cur_max_l_func      10086a50 f   LIBCMTD:initctyp.obj
 0002:0004da90       ____lc_codepage_func       10086a90 f   LIBCMTD:initctyp.obj
 0002:0004daf0       ____lc_collate_cp_func     10086af0 f   LIBCMTD:initctyp.obj
 0002:0004db50       ____lc_handle_func         10086b50 f   LIBCMTD:initctyp.obj
 0002:0004dbb0       ___InternalCxxFrameHandler 10086bb0 f   LIBCMTD:frame.obj
 0002:0004e320       ??0bad_exception@std@@QAE@PBD@Z 10087320 f i LIBCMTD:frame.obj
 0002:0004e350       ??1bad_exception@std@@UAE@XZ 10087350 f i LIBCMTD:frame.obj
 0002:0004e380       ??_Ebad_exception@std@@UAEPAXI@Z 10087380 f i LIBCMTD:frame.obj
 0002:0004e380       ??_Gbad_exception@std@@UAEPAXI@Z 10087380 f i LIBCMTD:frame.obj
 0002:0004e3c0       ??0bad_exception@std@@QAE@ABV01@@Z 100873c0 f i LIBCMTD:frame.obj
 0002:0004e5e0       ___TypeMatch               100875e0 f   LIBCMTD:frame.obj
 0002:0004e6c0       ___FrameUnwindFilter       100876c0 f   LIBCMTD:frame.obj
 0002:0004e760       ___FrameUnwindToState      10087760 f   LIBCMTD:frame.obj
 0002:0004edf0       ___BuildCatchObjectHelper  10087df0 f   LIBCMTD:frame.obj
 0002:0004f100       ___BuildCatchObject        10088100 f   LIBCMTD:frame.obj
 0002:0004f250       ___DestructExceptionObject 10088250 f   LIBCMTD:frame.obj
 0002:0004f330       ___AdjustPointer           10088330 f   LIBCMTD:frame.obj
 0002:0004f390       ?__uncaught_exception@@YA_NXZ 10088390 f   LIBCMTD:frame.obj
 0002:0004f3b0       ___CxxExceptionFilter      100883b0 f   LIBCMTD:frame.obj
 0002:0004f620       ___CxxRegisterExceptionObject 10088620 f   LIBCMTD:frame.obj
 0002:0004f7a0       ___CxxDetectRethrow        100887a0 f   LIBCMTD:frame.obj
 0002:0004f850       ___CxxUnregisterExceptionObject 10088850 f   LIBCMTD:frame.obj
 0002:0004fa30       ___CxxQueryExceptionSize   10088a30 f   LIBCMTD:frame.obj
 0002:0004fa40       ___CxxCallUnwindDtor       10088a40 f   LIBCMTD:frame.obj
 0002:0004fae0       ___CxxCallUnwindDelDtor    10088ae0 f   LIBCMTD:frame.obj
 0002:0004fb80       ___CxxCallUnwindStdDelDtor 10088b80 f   LIBCMTD:frame.obj
 0002:0004fc20       ___CxxCallUnwindVecDtor    10088c20 f   LIBCMTD:frame.obj
 0002:0004fef0       ?_is_exception_typeof@@YAHABVtype_info@@PAU_EXCEPTION_POINTERS@@@Z 10088ef0 f   LIBCMTD:frame.obj
 0002:00050000       __CallSettingFrame@12      10089000 f   LIBCMTD:lowhelpr.obj
 0002:00050027       __NLG_Return               10089027     LIBCMTD:lowhelpr.obj
 0002:00050060       ___crtMessageBoxA          10089060 f   LIBCMTD:crtmbox.obj
 0002:00050310       __vsprintf_l               10089310 f   LIBCMTD:vsprintf.obj
 0002:00050510       _vsprintf                  10089510 f   LIBCMTD:vsprintf.obj
 0002:00050540       __vscprintf_helper         10089540 f   LIBCMTD:vsprintf.obj
 0002:00050650       __vscprintf                10089650 f   LIBCMTD:vsprintf.obj
 0002:00050680       __vscprintf_l              10089680 f   LIBCMTD:vsprintf.obj
 0002:000506b0       __vscprintf_p              100896b0 f   LIBCMTD:vsprintf.obj
 0002:000506e0       __vscprintf_p_l            100896e0 f   LIBCMTD:vsprintf.obj
 0002:00050710       ____setlc_active_func      10089710 f   LIBCMTD:setlocal.obj
 0002:00050720       ____unguarded_readlc_active_add_func 10089720 f   LIBCMTD:setlocal.obj
 0002:00050730       __configthreadlocale       10089730 f   LIBCMTD:setlocal.obj
 0002:00050880       __locterm                  10089880 f   LIBCMTD:setlocal.obj
 0002:00050940       __free_locale              10089940 f   LIBCMTD:setlocal.obj
 0002:00050ad0       ___free_locale             10089ad0 f   LIBCMTD:setlocal.obj
 0002:00050af0       __create_locale            10089af0 f   LIBCMTD:setlocal.obj
 0002:00050db0       ___create_locale           10089db0 f   LIBCMTD:setlocal.obj
 0002:00050dd0       __get_current_locale       10089dd0 f   LIBCMTD:setlocal.obj
 0002:00050f30       ___get_current_locale      10089f30 f   LIBCMTD:setlocal.obj
 0002:00050f40       _setlocale                 10089f40 f   LIBCMTD:setlocal.obj
 0002:000521a0       __expandlocale             1008b1a0 f   LIBCMTD:setlocal.obj
 0002:000524f0       ___init_dummy              1008b4f0 f   LIBCMTD:setlocal.obj
 0002:00052500       __strcats                  1008b500 f   LIBCMTD:setlocal.obj
 0002:000525a0       ___lc_strtolc              1008b5a0 f   LIBCMTD:setlocal.obj
 0002:00052820       ___lc_lctostr              1008b820 f   LIBCMTD:setlocal.obj
 0002:000528e0       __strnicmp_l               1008b8e0 f   LIBCMTD:strnicmp.obj
 0002:00052bb0       __strnicmp                 1008bbb0 f   LIBCMTD:strnicmp.obj
 0002:00052da0       _strncmp                   1008bda0 f   LIBCMTD:strncmp.obj
 0002:00052f70       __output_s_l               1008bf70 f   LIBCMTD:outputs.obj
 0002:00054aa0       __validate_param_reuseA    1008daa0 f   LIBCMTD:outputp.obj
 0002:00054db0       __output_p_l               1008ddb0 f   LIBCMTD:outputp.obj
 0002:000598a0       _get_crtdouble_arg         100928a0 f i LIBCMTD:outputp.obj
 0002:000598d0       __woutput_s_l              100928d0 f   LIBCMTD:woutputs.obj
 0002:0005b100       __validate_param_reuseW    10094100 f   LIBCMTD:woutputp.obj
 0002:0005b410       __woutput_p_l              10094410 f   LIBCMTD:woutputp.obj
 0002:0005f980       _fputwc                    10098980 f   LIBCMTD:fputwc.obj
 0002:0005fac0       __fputwc_nolock            10098ac0 f   LIBCMTD:fputwc.obj
 0002:0005fe70       _putwc                     10098e70 f   LIBCMTD:fputwc.obj
 0002:0005fe90       ?_ValidateRead@@YAHPBXI@Z  10098e90 f   LIBCMTD:validate.obj
 0002:0005fec0       ?_ValidateWrite@@YAHPAXI@Z 10098ec0 f   LIBCMTD:validate.obj
 0002:0005fef0       ?_ValidateExecute@@YAHP6GHXZ@Z 10098ef0 f   LIBCMTD:validate.obj
 0002:0005ff20       __CxxThrowException@8      10098f20 f   LIBCMTD:throw.obj
 0002:0005ff90       ?name@type_info@@QBEPBDPAU__type_info_node@@@Z 10098f90 f   LIBCMTD:typinfo.obj
 0002:0005ffc0       ??1type_info@@UAE@XZ       10098fc0 f   LIBCMTD:typinfo.obj
 0002:0005fff0       ??_Gtype_info@@UAEPAXI@Z   10098ff0 f i LIBCMTD:typinfo.obj
 0002:0005fff0       ??_Etype_info@@UAEPAXI@Z   10098ff0 f i LIBCMTD:typinfo.obj
 0002:00060030       ?_name_internal_method@type_info@@QBEPBDPAU__type_info_node@@@Z 10099030 f   LIBCMTD:typinfo.obj
 0002:00060060       ?_type_info_dtor_internal_method@type_info@@QAEXXZ 10099060 f   LIBCMTD:typinfo.obj
 0002:00060080       ??8type_info@@QBE_NABV0@@Z 10099080 f   LIBCMTD:typinfo.obj
 0002:000600c0       ??9type_info@@QBE_NABV0@@Z 100990c0 f   LIBCMTD:typinfo.obj
 0002:00060100       ?before@type_info@@QBEHABV1@@Z 10099100 f   LIBCMTD:typinfo.obj
 0002:00060140       ?raw_name@type_info@@QBEPBDXZ 10099140 f   LIBCMTD:typinfo.obj
 0002:00060160       ??0type_info@@AAE@ABV0@@Z  10099160 f   LIBCMTD:typinfo.obj
 0002:00060190       ??4type_info@@AAEAAV0@ABV0@@Z 10099190 f   LIBCMTD:typinfo.obj
 0002:000601b0       ??0exception@std@@QAE@XZ   100991b0 f   LIBCMTD:stdexcpt.obj
 0002:000601f0       ??_Gexception@std@@UAEPAXI@Z 100991f0 f i LIBCMTD:stdexcpt.obj
 0002:000601f0       ??_Eexception@std@@UAEPAXI@Z 100991f0 f i LIBCMTD:stdexcpt.obj
 0002:00060230       ??0exception@std@@QAE@ABQBD@Z 10099230 f   LIBCMTD:stdexcpt.obj
 0002:00060280       ??0exception@std@@QAE@ABQBDH@Z 10099280 f   LIBCMTD:stdexcpt.obj
 0002:000602c0       ??0exception@std@@QAE@ABV01@@Z 100992c0 f   LIBCMTD:stdexcpt.obj
 0002:00060310       ??4exception@std@@QAEAAV01@ABV01@@Z 10099310 f   LIBCMTD:stdexcpt.obj
 0002:00060370       ??1exception@std@@UAE@XZ   10099370 f   LIBCMTD:stdexcpt.obj
 0002:000603a0       ?what@exception@std@@UBEPBDXZ 100993a0 f   LIBCMTD:stdexcpt.obj
 0002:000603e0       ?_Copy_str@exception@std@@AAEXPBD@Z 100993e0 f   LIBCMTD:stdexcpt.obj
 0002:00060460       ?_Tidy@exception@std@@AAEXXZ 10099460 f   LIBCMTD:stdexcpt.obj
 0002:000604b0       ??0bad_cast@std@@QAE@PBD@Z 100994b0 f   LIBCMTD:stdexcpt.obj
 0002:000604e0       ??_Gbad_cast@std@@UAEPAXI@Z 100994e0 f i LIBCMTD:stdexcpt.obj
 0002:000604e0       ??_Ebad_cast@std@@UAEPAXI@Z 100994e0 f i LIBCMTD:stdexcpt.obj
 0002:00060520       ??0bad_cast@std@@QAE@ABV01@@Z 10099520 f   LIBCMTD:stdexcpt.obj
 0002:00060550       ??1bad_cast@std@@UAE@XZ    10099550 f   LIBCMTD:stdexcpt.obj
 0002:00060580       ??0bad_typeid@std@@QAE@PBD@Z 10099580 f   LIBCMTD:stdexcpt.obj
 0002:000605b0       ??_Gbad_typeid@std@@UAEPAXI@Z 100995b0 f i LIBCMTD:stdexcpt.obj
 0002:000605b0       ??_Ebad_typeid@std@@UAEPAXI@Z 100995b0 f i LIBCMTD:stdexcpt.obj
 0002:000605f0       ??0bad_typeid@std@@QAE@ABV01@@Z 100995f0 f   LIBCMTD:stdexcpt.obj
 0002:00060620       ??1bad_typeid@std@@UAE@XZ  10099620 f   LIBCMTD:stdexcpt.obj
 0002:00060650       ??0__non_rtti_object@std@@QAE@PBD@Z 10099650 f   LIBCMTD:stdexcpt.obj
 0002:00060680       ??_E__non_rtti_object@std@@UAEPAXI@Z 10099680 f i LIBCMTD:stdexcpt.obj
 0002:00060680       ??_G__non_rtti_object@std@@UAEPAXI@Z 10099680 f i LIBCMTD:stdexcpt.obj
 0002:000606c0       ??0__non_rtti_object@std@@QAE@ABV01@@Z 100996c0 f   LIBCMTD:stdexcpt.obj
 0002:000606f0       ??1__non_rtti_object@std@@UAE@XZ 100996f0 f   LIBCMTD:stdexcpt.obj
 0002:00060720       ??3@YAXPAX@Z               10099720 f   LIBCMTD:dbgdel.obj
 0002:00060840       _memmove                   10099840 f   LIBCMTD:memmove.obj
 0002:00060c80       ___init_collate            10099c80 f   LIBCMTD:initcoll.obj
 0002:00060c90       _strcspn                   10099c90 f   LIBCMTD:strcspn.obj
 0002:00060cf0       _strpbrk                   10099cf0 f   LIBCMTD:strpbrk.obj
 0002:00060d40       _memcmp                    10099d40 f   LIBCMTD:memcmp.obj
 0002:00061a60       ___get_qualified_locale    1009aa60 f   LIBCMTD:getqloc.obj
 0002:00062c30       __tolower                  1009bc30 f   LIBCMTD:tolower.obj
 0002:00062c40       __tolower_l                1009bc40 f   LIBCMTD:tolower.obj
 0002:00062e90       _tolower                   1009be90 f   LIBCMTD:tolower.obj
 0002:00062ef0       ___ascii_strnicmp          1009bef0 f   LIBCMTD:_strnicm.obj
 0002:00062f70       _strtol                    1009bf70 f   LIBCMTD:strtol.obj
 0002:000635f0       __strtol_l                 1009c5f0 f   LIBCMTD:strtol.obj
 0002:00063620       _strtoul                   1009c620 f   LIBCMTD:strtol.obj
 0002:00063680       __strtoul_l                1009c680 f   LIBCMTD:strtol.obj
 0002:000636b0       _wcstol                    1009c6b0 f   LIBCMTD:wcstol.obj
 0002:00063b70       __wcstol_l                 1009cb70 f   LIBCMTD:wcstol.obj
 0002:00063ba0       _wcstoul                   1009cba0 f   LIBCMTD:wcstol.obj
 0002:00063bd0       __wcstoul_l                1009cbd0 f   LIBCMTD:wcstol.obj
 0002:00063c00       __flswbuf                  1009cc00 f   LIBCMTD:_flswbuf.obj
 0002:00063f90       ?_Type_info_dtor@type_info@@CAXPAV1@@Z 1009cf90 f   LIBCMTD:typname.obj
 0002:000640e0       ?_Name_base@type_info@@CAPBDPBV1@PAU__type_info_node@@@Z 1009d0e0 f   LIBCMTD:typname.obj
 0002:000642f0       ?_Type_info_dtor_internal@type_info@@CAXPAV1@@Z 1009d2f0 f   LIBCMTD:typname.obj
 0002:00064440       ___unDNameHelper           1009d440 f   LIBCMTD:typname.obj
 0002:00064490       ?_Name_base_internal@type_info@@CAPBDPBV1@PAU__type_info_node@@@Z 1009d490 f   LIBCMTD:typname.obj
 0002:000646c0       ___clean_type_info_names_internal 1009d6c0 f   LIBCMTD:typname.obj
 0002:000647a0       __stricmp_l                1009d7a0 f   LIBCMTD:stricmp.obj
 0002:000649b0       ___ascii_stricmp           1009d9b0 f   LIBCMTD:stricmp.obj
 0002:00064a40       __stricmp                  1009da40 f   LIBCMTD:stricmp.obj
 0002:00064b90       _atol                      1009db90 f   LIBCMTD:atox.obj
 0002:00064bb0       __atol_l                   1009dbb0 f   LIBCMTD:atox.obj
 0002:00064be0       _atoi                      1009dbe0 f   LIBCMTD:atox.obj
 0002:00064c00       __atoi_l                   1009dc00 f   LIBCMTD:atox.obj
 0002:00064c20       __atoi64                   1009dc20 f   LIBCMTD:atox.obj
 0002:00064c40       __atoi64_l                 1009dc40 f   LIBCMTD:atox.obj
 0002:00064c70       __wchartodigit             1009dc70 f   LIBCMTD:wchtodig.obj
 0002:00065060       ___unDName                 1009e060 f   LIBCMTD:undname.obj
 0002:00065170       ?Constructor@_HeapManager@@QAEXP6APAXI@ZP6AXPAX@Z@Z 1009e170 f i LIBCMTD:undname.obj
 0002:000651c0       ?Destructor@_HeapManager@@QAEXXZ 1009e1c0 f i LIBCMTD:undname.obj
 0002:00065220       ___unDNameEx               1009e220 f   LIBCMTD:undname.obj
 0002:00065330       ??0UnDecorator@@QAE@PADPBDHP6APADJ@ZK@Z 1009e330 f i LIBCMTD:undname.obj
 0002:000653f0       ??BUnDecorator@@QAEPADXZ   1009e3f0 f i LIBCMTD:undname.obj
 0002:000656b0       ?dbGetString@DName@@QBEPADXZ 1009e6b0 f   LIBCMTD:undname.obj
 0002:000656e0       ?getDecoratedName@UnDecorator@@CA?AVDName@@XZ 1009e6e0 f   LIBCMTD:undname.obj
 0002:00065ac0       ?getSymbolName@UnDecorator@@CA?AVDName@@XZ 1009eac0 f i LIBCMTD:undname.obj
 0002:00065b50       ?getZName@UnDecorator@@CA?AVDName@@_N0@Z 1009eb50 f   LIBCMTD:undname.obj
 0002:00065ea0       ?getOperatorName@UnDecorator@@CA?AVDName@@_NPA_N@Z 1009eea0 f i LIBCMTD:undname.obj
 0002:00066a60       ?getStringEncoding@UnDecorator@@CA?AVDName@@PADH@Z 1009fa60 f   LIBCMTD:undname.obj
 0002:00066ba0       ?getScope@UnDecorator@@CA?AVDName@@XZ 1009fba0 f   LIBCMTD:undname.obj
 0002:00067070       ?getSignedDimension@UnDecorator@@CA?AVDName@@XZ 100a0070 f   LIBCMTD:undname.obj
 0002:00067110       ?getDimension@UnDecorator@@CA?AVDName@@_N@Z 100a0110 f   LIBCMTD:undname.obj
 0002:00067470       ?getNumberOfDimensions@UnDecorator@@CAHXZ 100a0470 f   LIBCMTD:undname.obj
 0002:000675b0       ?getTemplateName@UnDecorator@@CA?AVDName@@_N@Z 100a05b0 f   LIBCMTD:undname.obj
 0002:000677e0       ?getTemplateArgumentList@UnDecorator@@CA?AVDName@@XZ 100a07e0 f   LIBCMTD:undname.obj
 0002:00067b00       ?getTemplateConstant@UnDecorator@@CA?AVDName@@XZ 100a0b00 f   LIBCMTD:undname.obj
 0002:000680b0       ?composeDeclaration@UnDecorator@@CA?AVDName@@ABV2@@Z 100a10b0 f i LIBCMTD:undname.obj
 0002:00069c20       ?getTypeEncoding@UnDecorator@@CAHXZ 100a2c20 f i LIBCMTD:undname.obj
 0002:0006a8f0       ?getBasedType@UnDecorator@@CA?AVDName@@XZ 100a38f0 f   LIBCMTD:undname.obj
 0002:0006a9e0       ?getScopedName@UnDecorator@@CA?AVDName@@XZ 100a39e0 f   LIBCMTD:undname.obj
 0002:0006ab40       ?getCallingConvention@UnDecorator@@CA?AVDName@@XZ 100a3b40 f   LIBCMTD:undname.obj
 0002:0006ad10       ?getReturnType@UnDecorator@@CA?AVDName@@PAV2@@Z 100a3d10 f   LIBCMTD:undname.obj
 0002:0006ad70       ?getDataType@UnDecorator@@CA?AVDName@@PAV2@@Z 100a3d70 f   LIBCMTD:undname.obj
 0002:0006aed0       ?getPrimaryDataType@UnDecorator@@CA?AVDName@@ABV2@@Z 100a3ed0 f   LIBCMTD:undname.obj
 0002:0006b350       ?getArgumentTypes@UnDecorator@@CA?AVDName@@XZ 100a4350 f   LIBCMTD:undname.obj
 0002:0006b500       ?getArgumentList@UnDecorator@@CA?AVDName@@XZ 100a4500 f   LIBCMTD:undname.obj
 0002:0006b6a0       ?getThrowTypes@UnDecorator@@CA?AVDName@@XZ 100a46a0 f   LIBCMTD:undname.obj
 0002:0006b780       ?getBasicDataType@UnDecorator@@CA?AVDName@@ABV2@@Z 100a4780 f   LIBCMTD:undname.obj
 0002:0006beb0       ?getECSUDataType@UnDecorator@@CA?AVDName@@XZ 100a4eb0 f   LIBCMTD:undname.obj
 0002:0006c100       ?getECSUName@UnDecorator@@CA?AVDName@@XZ 100a5100 f i LIBCMTD:undname.obj
 0002:0006c120       ?getEnumType@UnDecorator@@CA?AVDName@@XZ 100a5120 f i LIBCMTD:undname.obj
 0002:0006c2c0       ?getFunctionIndirectType@UnDecorator@@CA?AVDName@@ABV2@@Z 100a52c0 f   LIBCMTD:undname.obj
 0002:0006c810       ?getPtrRefType@UnDecorator@@CA?AVDName@@ABV2@0PBD@Z 100a5810 f   LIBCMTD:undname.obj
 0002:0006c9d0       ?getExtendedDataIndirectType@UnDecorator@@CA?AVDName@@AAPBDAA_NH@Z 100a59d0 f   LIBCMTD:undname.obj
 0002:0006cc80       ?getDataIndirectType@UnDecorator@@CA?AVDName@@ABV2@PBD0H@Z 100a5c80 f   LIBCMTD:undname.obj
 0002:0006d540       ?getPtrRefDataType@UnDecorator@@CA?AVDName@@ABV2@H@Z 100a6540 f i LIBCMTD:undname.obj
 0002:0006d6d0       ?getArrayType@UnDecorator@@CA?AVDName@@ABV2@@Z 100a66d0 f i LIBCMTD:undname.obj
 0002:0006d990       ?getLexicalFrame@UnDecorator@@CA?AVDName@@XZ 100a6990 f i LIBCMTD:undname.obj
 0002:0006d9e0       ?getThisType@UnDecorator@@CA?AVDName@@XZ 100a69e0 f i LIBCMTD:undname.obj
 0002:0006da30       ?getPointerType@UnDecorator@@CA?AVDName@@ABV2@0@Z 100a6a30 f i LIBCMTD:undname.obj
 0002:0006da70       ?getPointerTypeArray@UnDecorator@@CA?AVDName@@ABV2@0@Z 100a6a70 f i LIBCMTD:undname.obj
 0002:0006dab0       ?getReferenceType@UnDecorator@@CA?AVDName@@ABV2@0PBD@Z 100a6ab0 f i LIBCMTD:undname.obj
 0002:0006dae0       ?getDisplacement@UnDecorator@@CA?AVDName@@XZ 100a6ae0 f i LIBCMTD:undname.obj
 0002:0006db00       ?getCallIndex@UnDecorator@@CA?AVDName@@XZ 100a6b00 f i LIBCMTD:undname.obj
 0002:0006db20       ?getGuardNumber@UnDecorator@@CA?AVDName@@XZ 100a6b20 f i LIBCMTD:undname.obj
 0002:0006db40       ?getVbTableType@UnDecorator@@CA?AVDName@@ABV2@@Z 100a6b40 f i LIBCMTD:undname.obj
 0002:0006db60       ?getVCallThunkType@UnDecorator@@CA?AVDName@@XZ 100a6b60 f i LIBCMTD:undname.obj
 0002:0006dbe0       ?getVfTableType@UnDecorator@@CA?AVDName@@ABV2@@Z 100a6be0 f i LIBCMTD:undname.obj
 0002:0006de10       ?getStorageConvention@UnDecorator@@CA?AVDName@@XZ 100a6e10 f i LIBCMTD:undname.obj
 0002:0006de30       ?getDataIndirectType@UnDecorator@@CA?AVDName@@XZ 100a6e30 f i LIBCMTD:undname.obj
 0002:0006de80       ?getVdispMapType@UnDecorator@@CA?AVDName@@ABV2@@Z 100a6e80 f i LIBCMTD:undname.obj
 0002:0006df10       ?getExternalDataType@UnDecorator@@CA?AVDName@@ABV2@@Z 100a6f10 f i LIBCMTD:undname.obj
 0002:0006dfd0       ?doMSKeywords@UnDecorator@@SAHXZ 100a6fd0 f i LIBCMTD:undname.obj
 0002:0006dff0       ?doPtr64@UnDecorator@@SAHXZ 100a6ff0 f i LIBCMTD:undname.obj
 0002:0006e010       ?doFunctionReturns@UnDecorator@@SAHXZ 100a7010 f i LIBCMTD:undname.obj
 0002:0006e030       ?doAllocationModel@UnDecorator@@SAHXZ 100a7030 f i LIBCMTD:undname.obj
 0002:0006e050       ?doAllocationLanguage@UnDecorator@@SAHXZ 100a7050 f i LIBCMTD:undname.obj
 0002:0006e070       ?doThisTypes@UnDecorator@@SAHXZ 100a7070 f i LIBCMTD:undname.obj
 0002:0006e090       ?doAccessSpecifiers@UnDecorator@@SAHXZ 100a7090 f i LIBCMTD:undname.obj
 0002:0006e0b0       ?doThrowTypes@UnDecorator@@SAHXZ 100a70b0 f i LIBCMTD:undname.obj
 0002:0006e0d0       ?doMemberTypes@UnDecorator@@SAHXZ 100a70d0 f i LIBCMTD:undname.obj
 0002:0006e0f0       ?doNameOnly@UnDecorator@@SAHXZ 100a70f0 f i LIBCMTD:undname.obj
 0002:0006e110       ?doTypeOnly@UnDecorator@@SAHXZ 100a7110 f i LIBCMTD:undname.obj
 0002:0006e130       ?haveTemplateParameters@UnDecorator@@SAHXZ 100a7130 f i LIBCMTD:undname.obj
 0002:0006e150       ?doEcsu@UnDecorator@@SAHXZ 100a7150 f i LIBCMTD:undname.obj
 0002:0006e170       ?doEllipsis@UnDecorator@@SAHXZ 100a7170 f i LIBCMTD:undname.obj
 0002:0006e190       ?UScore@UnDecorator@@SAPBDW4Tokens@@@Z 100a7190 f   LIBCMTD:undname.obj
 0002:0006e1d0       ?doUnderScore@UnDecorator@@SAHXZ 100a71d0 f i LIBCMTD:undname.obj
 0002:0006e1f0       ??2@YAPAXIAAV_HeapManager@@H@Z 100a71f0 f i LIBCMTD:undname.obj
 0002:0006e210       ?getMemory@_HeapManager@@QAEPAXIH@Z 100a7210 f   LIBCMTD:undname.obj
 0002:0006e360       ??0Block@_HeapManager@@QAE@XZ 100a7360 f i LIBCMTD:undname.obj
 0002:0006e380       ??H@YA?AVDName@@DABV0@@Z   100a7380 f i LIBCMTD:undname.obj
 0002:0006e3c0       ??H@YA?AVDName@@W4DNameStatus@@ABV0@@Z 100a73c0 f i LIBCMTD:undname.obj
 0002:0006e400       ??H@YA?AVDName@@PBDABV0@@Z 100a7400 f i LIBCMTD:undname.obj
 0002:0006e440       ??0DName@@QAE@XZ           100a7440 f i LIBCMTD:undname.obj
 0002:0006e530       ??0DName@@QAE@D@Z          100a7530 f   LIBCMTD:undname.obj
 0002:0006e640       ??0DName@@QAE@ABV0@@Z      100a7640 f i LIBCMTD:undname.obj
 0002:0006e670       ??0DName@@QAE@PAV0@@Z      100a7670 f   LIBCMTD:undname.obj
 0002:0006e7f0       ??0DName@@QAE@PBD@Z        100a77f0 f   LIBCMTD:undname.obj
 0002:0006e920       ??0DName@@QAE@AAPBDD@Z     100a7920 f   LIBCMTD:undname.obj
 0002:0006ec90       ?doNoIdentCharCheck@UnDecorator@@SAHXZ 100a7c90 f i LIBCMTD:undname.obj
 0002:0006ecb0       ??0DName@@QAE@_K@Z         100a7cb0 f   LIBCMTD:undname.obj
 0002:0006ee40       ??0DName@@QAE@_J@Z         100a7e40 f   LIBCMTD:undname.obj
 0002:0006f020       ??0DName@@QAE@W4DNameStatus@@@Z 100a8020 f   LIBCMTD:undname.obj
 0002:0006f180       ?isValid@DName@@QBEHXZ     100a8180 f i LIBCMTD:undname.obj
 0002:0006f1b0       ?isEmpty@DName@@QBEHXZ     100a81b0 f i LIBCMTD:undname.obj
 0002:0006f1d0       ?status@DName@@QBE?AW4DNameStatus@@XZ 100a81d0 f i LIBCMTD:undname.obj
 0002:0006f1f0       ?setPtrRef@DName@@QAEAAV1@XZ 100a81f0 f i LIBCMTD:undname.obj
 0002:0006f220       ?isPtrRef@DName@@QBEHXZ    100a8220 f i LIBCMTD:undname.obj
 0002:0006f240       ?isUDC@DName@@QBEHXZ       100a8240 f i LIBCMTD:undname.obj
 0002:0006f290       ?setIsUDC@DName@@QAEXXZ    100a8290 f i LIBCMTD:undname.obj
 0002:0006f2d0       ?isUDTThunk@DName@@QBEHXZ  100a82d0 f i LIBCMTD:undname.obj
 0002:0006f320       ?setIsArray@DName@@QAEXXZ  100a8320 f i LIBCMTD:undname.obj
 0002:0006f350       ?isArray@DName@@QBEHXZ     100a8350 f i LIBCMTD:undname.obj
 0002:0006f370       ?isNoTE@DName@@QBEHXZ      100a8370 f i LIBCMTD:undname.obj
 0002:0006f390       ?setIsNoTE@DName@@QAEXXZ   100a8390 f i LIBCMTD:undname.obj
 0002:0006f3c0       ?isPinPtr@DName@@QBEHXZ    100a83c0 f i LIBCMTD:undname.obj
 0002:0006f3e0       ?setIsPinPtr@DName@@QAEXXZ 100a83e0 f i LIBCMTD:undname.obj
[...]
 0003:000131c8       ??_7pairNode@@6B@          100c01c8     LIBCMTD:undname.obj
 0003:000131d8       ??_C@_1BA@BMMDEPNE@?$AAs?$AAt?$AAr?$AAt?$AAo?$AAx?$AAq?$AA?$AA@ 100c01d8     LIBCMTD:strtoq.obj
 0003:000131f0       ??_C@_1GA@GIMEIKLC@?$AAf?$AA?3?$AA?2?$AAd?$AAd?$AA?2?$AAv?$AAc?$AAt?$AAo?$AAo?$AAl?$AAs?$AA?2?$AAc?$AAr?$AAt?$AA_?$AAb?$AAl?$AAd?$AA?2?$AAs?$AAe?$AAl?$AAf?$AA_?$AAx?$AA8?$AA6?$AA?2?$AAc@ 100c01f0     LIBCMTD:strtoq.obj
 0003:00013820       ??_R4bad_exception@std@@6B@ 100c0820     LIBCMTD:frame.obj
 0003:00013838       ??_R3bad_exception@std@@8  100c0838     LIBCMTD:frame.obj
 0003:0001384c       ??_R2bad_exception@std@@8  100c084c     LIBCMTD:frame.obj
 0003:00013858       ??_R1A@?0A@EA@bad_exception@std@@8 100c0858     LIBCMTD:frame.obj
 0003:0001387c       ??_R1A@?0A@EA@exception@std@@8 100c087c     LIBCMTD:frame.obj
 0003:000138a0       ??_R3exception@std@@8      100c08a0     LIBCMTD:frame.obj
 0003:000138b4       ??_R2exception@std@@8      100c08b4     LIBCMTD:frame.obj
 0003:000138bc       ??_R4type_info@@6B@        100c08bc     LIBCMTD:typinfo.obj
 0003:000138d4       ??_R3type_info@@8          100c08d4     LIBCMTD:typinfo.obj
 0003:000138e8       ??_R2type_info@@8          100c08e8     LIBCMTD:typinfo.obj
 0003:000138f0       ??_R1A@?0A@EA@type_info@@8 100c08f0     LIBCMTD:typinfo.obj
 0003:00013914       ??_R4exception@std@@6B@    100c0914     LIBCMTD:stdexcpt.obj
 0003:0001392c       ??_R4bad_cast@std@@6B@     100c092c     LIBCMTD:stdexcpt.obj
 0003:00013944       ??_R3bad_cast@std@@8       100c0944     LIBCMTD:stdexcpt.obj
 0003:00013958       ??_R2bad_cast@std@@8       100c0958     LIBCMTD:stdexcpt.obj
 0003:00013964       ??_R1A@?0A@EA@bad_cast@std@@8 100c0964     LIBCMTD:stdexcpt.obj
 0003:00013988       ??_R4bad_typeid@std@@6B@   100c0988     LIBCMTD:stdexcpt.obj
 0003:000139a0       ??_R3bad_typeid@std@@8     100c09a0     LIBCMTD:stdexcpt.obj
 0003:000139b4       ??_R2bad_typeid@std@@8     100c09b4     LIBCMTD:stdexcpt.obj
 0003:000139c0       ??_R1A@?0A@EA@bad_typeid@std@@8 100c09c0     LIBCMTD:stdexcpt.obj
 0003:000139e4       ??_R4__non_rtti_object@std@@6B@ 100c09e4     LIBCMTD:stdexcpt.obj
 0003:000139fc       ??_R3__non_rtti_object@std@@8 100c09fc     LIBCMTD:stdexcpt.obj
 0003:00013a10       ??_R2__non_rtti_object@std@@8 100c0a10     LIBCMTD:stdexcpt.obj
 0003:00013a20       ??_R1A@?0A@EA@__non_rtti_object@std@@8 100c0a20     LIBCMTD:stdexcpt.obj
 0003:00013b50       ___rtc_iaa                 100c0b50     LIBCMTD:_initsect_.obj
 0003:00013c54       ___rtc_izz                 100c0c54     LIBCMTD:_initsect_.obj
 0003:00013d58       ___rtc_taa                 100c0d58     LIBCMTD:_initsect_.obj
 0003:00013e5c       ___rtc_tzz                 100c0e5c     LIBCMTD:_initsect_.obj
 0003:000147e0       __TI2?AVbad_exception@std@@ 100c17e0     LIBCMTD:frame.obj
 0003:000147f4       __CTA2?AVbad_exception@std@@ 100c17f4     LIBCMTD:frame.obj
 0003:00014804       __CT??_R0?AVbad_exception@std@@@8??0bad_exception@std@@QAE@ABV01@@Z12 100c1804     LIBCMTD:frame.obj
 0003:00014824       __CT??_R0?AVexception@std@@@8??0exception@std@@QAE@ABV01@@Z12 100c1824     LIBCMTD:frame.obj
 0004:00000210       ___badioinfo               100c3210     LIBCMTD:ioinit.obj
 0004:00000260       ___security_cookie         100c3260     LIBCMTD:gs_cookie.obj
 0004:00000264       ___security_cookie_complement 100c3264     LIBCMTD:gs_cookie.obj
 0004:00000268       __lookuptrailbytes         100c3268     LIBCMTD:read.obj
 0004:0000039c       ___nullstring              100c339c     LIBCMTD:output.obj
 0004:000003a0       ___wnullstring             100c33a0     LIBCMTD:output.obj
 0004:000003a8       ___initialmbcinfo          100c33a8     LIBCMTD:mbctype.obj
 0004:000005c8       __mbctype                  100c35c8     LIBCMTD:mbctype.obj
 0004:000006d0       __mbcasemap                100c36d0     LIBCMTD:mbctype.obj
 0004:000007d0       ___ptmbcinfo               100c37d0     LIBCMTD:mbctype.obj
 0004:000009d0       ___globallocalestatus      100c39d0     LIBCMTD:glstatus.obj
 0004:000009d4       ___clocalestr              100c39d4     LIBCMTD:nlsdata2.obj
 0004:000009d8       ___lc_time_c               100c39d8     LIBCMTD:nlsdata2.obj
 0004:00000b88       ___initiallocinfo          100c3b88     LIBCMTD:nlsdata2.obj
 0004:00000c8c       ___ptlocinfo               100c3c8c     LIBCMTD:nlsdata2.obj
 0004:00000c90       ___initiallocalestructinfo 100c3c90     LIBCMTD:nlsdata2.obj
 0004:00000c9c       ___flsindex                100c3c9c     LIBCMTD:tidtable.obj
 0004:00000ca0       ___getvalueindex           100c3ca0     LIBCMTD:tidtable.obj
 0004:00000ca8       __crtDbgFlag               100c3ca8     LIBCMTD:dbgheap.obj
 0004:00000cac       ___crtDebugFillThreshold   100c3cac     LIBCMTD:dbgheap.obj
 0004:00000cb4       __crtBreakAlloc            100c3cb4     LIBCMTD:dbgheap.obj
 0004:00000cc0       __sys_errlist              100c3cc0     LIBCMTD:syserr.obj
 0004:00000d70       __sys_nerr                 100c3d70     LIBCMTD:syserr.obj
 0004:00000d98       __iob                      100c3d98     LIBCMTD:_file.obj
 0004:000011fc       __pfnAllocHook             100c41fc     LIBCMTD:dbghook.obj
 0004:00001200       __crtAssertBusy            100c4200     LIBCMTD:dbgrptt.obj
 0004:00001204       __CrtDbgMode               100c4204     LIBCMTD:dbgrptt.obj
 0004:00001210       __CrtDbgFile               100c4210     LIBCMTD:dbgrptt.obj
 0004:00001224       __cfltcvt_tab              100c4224     LIBCMTD:cmiscdat.obj
 0004:00001260       ___lconv_static_decimal    100c4260     LIBCMTD:lconv.obj
 0004:00001264       ___lconv_static_W_decimal  100c4264     LIBCMTD:lconv.obj
 0004:00001268       ___lconv_c                 100c4268     LIBCMTD:lconv.obj
 0004:000012b8       ___lconv                   100c42b8     LIBCMTD:lconv.obj
 0004:000012d0       __pctype                   100c42d0     LIBCMTD:ctype.obj
 0004:000012d4       __pwctype                  100c42d4     LIBCMTD:ctype.obj
 0004:000012e0       __NLG_Destination          100c42e0     LIBCMTD:exsup.obj
 0004:000012f4       __confh                    100c42f4     LIBCMTD:initcon.obj
 0004:000012f8       ___abort_behavior          100c42f8     LIBCMTD:abort.obj
 0004:000012fc       ??_R0?AVbad_exception@std@@@8 100c42fc     LIBCMTD:frame.obj
 0004:00001324       ??_R0?AVexception@std@@@8  100c4324     LIBCMTD:frame.obj
 0004:00001354       ??_R0?AVtype_info@@@8      100c4354     LIBCMTD:typinfo.obj
 0004:00001370       ??_R0?AVbad_cast@std@@@8   100c4370     LIBCMTD:stdexcpt.obj
 0004:00001390       ??_R0?AVbad_typeid@std@@@8 100c4390     LIBCMTD:stdexcpt.obj
 0004:000013b4       ??_R0?AV__non_rtti_object@std@@@8 100c43b4     LIBCMTD:stdexcpt.obj
 0004:000013e0       ___mb_cur_max              100c43e0     LIBCMTD:nlsdata1.obj
 0004:000013e4       ___decimal_point           100c43e4     LIBCMTD:nlsdata1.obj
 0004:000013e8       ___decimal_point_length    100c43e8     LIBCMTD:nlsdata1.obj
 0004:00001528       __aenvptr                  100c4528     LIBCMTD:dllcrt0.obj
 0004:0000152c       __wenvptr                  100c452c     LIBCMTD:dllcrt0.obj
 0004:00001530       ___error_mode              100c4530     LIBCMTD:dllcrt0.obj
 0004:00001534       ___app_type                100c4534     LIBCMTD:dllcrt0.obj
 0004:0000153c       ___pInvalidArgHandler      100c453c     LIBCMTD:invarg.obj
 0004:00001540       __umaskval                 100c4540     LIBCMTD:crt0dat.obj
 0004:00001544       ___argc                    100c4544     LIBCMTD:crt0dat.obj
 0004:00001548       ___argv                    100c4548     LIBCMTD:crt0dat.obj
 0004:0000154c       ___wargv                   100c454c     LIBCMTD:crt0dat.obj
 0004:00001550       __environ                  100c4550     LIBCMTD:crt0dat.obj
 0004:00001554       ___initenv                 100c4554     LIBCMTD:crt0dat.obj
 0004:00001558       __wenviron                 100c4558     LIBCMTD:crt0dat.obj
 0004:0000155c       ___winitenv                100c455c     LIBCMTD:crt0dat.obj
 0004:00001560       __pgmptr                   100c4560     LIBCMTD:crt0dat.obj
 0004:00001564       __wpgmptr                  100c4564     LIBCMTD:crt0dat.obj
 0004:00001568       __exitflag                 100c4568     LIBCMTD:crt0dat.obj
 0004:0000156c       __C_Termination_Done       100c456c     LIBCMTD:crt0dat.obj
 0004:00001570       __C_Exit_Done              100c4570     LIBCMTD:crt0dat.obj
 0004:00001588       ___mbulinfo                100c4588     LIBCMTD:mbctype.obj
 0004:00001594       ___mbcodepage              100c4594     LIBCMTD:mbctype.obj
 0004:00001598       ___ismbcodepage            100c4598     LIBCMTD:mbctype.obj
 0004:0000159c       ___mblcid                  100c459c     LIBCMTD:mbctype.obj
 0004:000015a8       _gpFlsAlloc                100c45a8     LIBCMTD:tidtable.obj
 0004:000015ac       _gpFlsGetValue             100c45ac     LIBCMTD:tidtable.obj
 0004:000015b0       _gpFlsSetValue             100c45b0     LIBCMTD:tidtable.obj
 0004:000015b4       _gpFlsFree                 100c45b4     LIBCMTD:tidtable.obj
 0004:000015d0       ?_pfnDumpClient@@3P6AXPAXI@ZA 100c45d0     LIBCMTD:dbgheap.obj
 0004:000015d8       ___crtDebugCheckCount      100c45d8     LIBCMTD:dbgheap.obj
 0004:000015e8       __newmode                  100c45e8     LIBCMTD:_newmode.obj
 0004:000015ec       __cflush                   100c45ec     LIBCMTD:_file.obj
 0004:0000172c       __crtheap                  100c472c     LIBCMTD:heapinit.obj
 0004:00002074       ?__pInconsistency@@3P6AXXZA 100c5074     LIBCMTD:hooks.obj
 0004:0000207c       ___pPurecall               100c507c     LIBCMTD:inithelp.obj
 0004:00002080       ?_pnhHeap@@3P6AHI@ZA       100c5080     LIBCMTD:handler.obj
 0004:00002084       __fmode                    100c5084     LIBCMTD:txtmode.obj
 0004:00002454       ___lconv_static_null       100c5454     LIBCMTD:lconv.obj
 0004:00002458       ___lconv_static_W_null     100c5458     LIBCMTD:lconv.obj
 0004:0000245c       __commode                  100c545c     LIBCMTD:ncommode.obj
 0004:00002460       __stdbuf                   100c5460     LIBCMTD:_sftbuf.obj
 0004:00002484       ___locale_changed          100c5484     LIBCMTD:setlocal.obj
 0004:000024a8       ?pArgList@UnDecorator@@0PAVReplicator@@A 100c54a8     LIBCMTD:undname.obj
 0004:000024ac       ?pZNameList@UnDecorator@@0PAVReplicator@@A 100c54ac     LIBCMTD:undname.obj
 0004:000024b0       ?pTemplateArgList@UnDecorator@@0PAVReplicator@@A 100c54b0     LIBCMTD:undname.obj
 0004:000024b4       ?gName@UnDecorator@@0PBDB  100c54b4     LIBCMTD:undname.obj
 0004:000024b8       ?name@UnDecorator@@0PBDB   100c54b8     LIBCMTD:undname.obj
 0004:000024bc       ?outputString@UnDecorator@@0PADA 100c54bc     LIBCMTD:undname.obj
 0004:000024c0       ?maxStringLength@UnDecorator@@0HA 100c54c0     LIBCMTD:undname.obj
 0004:000024c4       ?disableFlags@UnDecorator@@0KA 100c54c4     LIBCMTD:undname.obj
 0004:000024c8       ?m_pGetParameter@UnDecorator@@0P6APADJ@ZA 100c54c8     LIBCMTD:undname.obj
 0004:000024cc       ?fExplicitTemplateParams@UnDecorator@@0_NA 100c54cc     LIBCMTD:undname.obj
 0004:000024cd       ?fGetTemplateArgumentList@UnDecorator@@0_NA 100c54cd     LIBCMTD:undname.obj
 0004:00002540       ?nodes@?1??make@DNameStatusNode@@SAPAV2@W4DNameStatus@@@Z@4PAV2@A 100c5540     LIBCMTD:undname.obj
 0004:0000257c       ??_B?1??make@DNameStatusNode@@SAPAV1@W4DNameStatus@@@Z@51 100c557c     LIBCMTD:undname.obj
 0004:00002580       ___setlc_active            100c5580     <common>
 0004:00002590       ___unguarded_readlc_active 100c5590     <common>
 0004:00002594       __pfnReportHook            100c5594     <common>
 0004:000025a4       __pReportHookListW         100c55a4     <common>
 0004:000025a8       __pReportHookList          100c55a8     <common>
 0004:000025ac       __debugger_hook_dummy      100c55ac     <common>
 0004:000025b8       ___piob                    100c55b8     <common>
 0004:00002900       __bufin                    100c5900     <common>
 0004:00003900       __nstream                  100c6900     <common>
 0004:00003904       ___env_initialized         100c6904     <common>
 0004:00003914       ___onexitend               100c6914     <common>
 0004:00003918       ___onexitbegin             100c6918     <common>
 0004:0000391c       ___mbctype_initialized     100c691c     <common>
 0004:00003920       __FPinit                   100c6920     <common>
 0004:00003924       ___dyn_tls_init_callback   100c6924     <common>
 0004:00003928       __nhandle                  100c6928     <common>
 0004:00003980       ___pioinfo                 100c6980     <common>
 0004:00003a80       ___sse2_available          100c6a80     <common>
 0004:00003a8c       __acmdln                   100c6a8c     <common>
 0005:00000000       __IMPORT_DESCRIPTOR_KERNEL32 100c7000     kernel32:KERNEL32.dll
 0005:00000014       __NULL_IMPORT_DESCRIPTOR   100c7014     kernel32:KERNEL32.dll
 0005:000001dc       __imp__CreateFileA@28      100c71dc     kernel32:KERNEL32.dll
 0005:000001e0       __imp__CloseHandle@4       100c71e0     kernel32:KERNEL32.dll
 0005:000001e4       __imp__CreateFileW@28      100c71e4     kernel32:KERNEL32.dll
 0005:000001e8       __imp__GetLastError@0      100c71e8     kernel32:KERNEL32.dll
 0005:000001ec       __imp__ReadFile@20         100c71ec     kernel32:KERNEL32.dll
 0005:000001f0       __imp__WriteFile@20        100c71f0     kernel32:KERNEL32.dll
 0005:000001f4       __imp__SetFilePointer@16   100c71f4     kernel32:KERNEL32.dll
 0005:000001f8       __imp__GetFileType@4       100c71f8     kernel32:KERNEL32.dll
 0005:000001fc       __imp__WideCharToMultiByte@32 100c71fc     kernel32:KERNEL32.dll
 0005:00000200       __imp__GetSystemTimeAsFileTime@4 100c7200     kernel32:KERNEL32.dll
 0005:00000204       __imp__GetCurrentThreadId@0 100c7204     kernel32:KERNEL32.dll
 0005:00000208       __imp__DecodePointer@4     100c7208     kernel32:KERNEL32.dll
 0005:0000020c       __imp__GetCommandLineA@0   100c720c     kernel32:KERNEL32.dll
 0005:00000210       __imp__IsProcessorFeaturePresent@4 100c7210     kernel32:KERNEL32.dll
 0005:00000214       __imp__LeaveCriticalSection@4 100c7214     kernel32:KERNEL32.dll
 0005:00000218       __imp__EnterCriticalSection@4 100c7218     kernel32:KERNEL32.dll
 0005:0000021c       __imp__InitializeCriticalSectionAndSpinCount@8 100c721c     kernel32:KERNEL32.dll
 0005:00000220       __imp__SetStdHandle@8      100c7220     kernel32:KERNEL32.dll
 0005:00000224       __imp__SetHandleCount@4    100c7224     kernel32:KERNEL32.dll
 0005:00000228       __imp__GetStdHandle@4      100c7228     kernel32:KERNEL32.dll
 0005:0000022c       __imp__GetStartupInfoW@4   100c722c     kernel32:KERNEL32.dll
 0005:00000230       __imp__DeleteCriticalSection@4 100c7230     kernel32:KERNEL32.dll
 0005:00000234       __imp__TerminateProcess@8  100c7234     kernel32:KERNEL32.dll
 0005:00000238       __imp__GetCurrentProcess@0 100c7238     kernel32:KERNEL32.dll
 0005:0000023c       __imp__UnhandledExceptionFilter@4 100c723c     kernel32:KERNEL32.dll
 0005:00000240       __imp__SetUnhandledExceptionFilter@4 100c7240     kernel32:KERNEL32.dll
 0005:00000244       __imp__IsDebuggerPresent@0 100c7244     kernel32:KERNEL32.dll
 0005:00000248       __imp__EncodePointer@4     100c7248     kernel32:KERNEL32.dll
 0005:0000024c       __imp__GetModuleFileNameW@12 100c724c     kernel32:KERNEL32.dll
 0005:00000250       __imp__GetConsoleCP@0      100c7250     kernel32:KERNEL32.dll
 0005:00000254       __imp__GetConsoleMode@8    100c7254     kernel32:KERNEL32.dll
 0005:00000258       __imp__SetEndOfFile@4      100c7258     kernel32:KERNEL32.dll
 0005:0000025c       __imp__HeapFree@12         100c725c     kernel32:KERNEL32.dll
 0005:00000260       __imp__HeapAlloc@12        100c7260     kernel32:KERNEL32.dll
 0005:00000264       __imp__GetProcessHeap@0    100c7264     kernel32:KERNEL32.dll
 0005:00000268       __imp__MultiByteToWideChar@24 100c7268     kernel32:KERNEL32.dll
 0005:0000026c       __imp__InterlockedIncrement@4 100c726c     kernel32:KERNEL32.dll
 0005:00000270       __imp__InterlockedDecrement@4 100c7270     kernel32:KERNEL32.dll
 0005:00000274       __imp__GetProcAddress@8    100c7274     kernel32:KERNEL32.dll
 0005:00000278       __imp__GetModuleHandleW@4  100c7278     kernel32:KERNEL32.dll
 0005:0000027c       __imp__ExitProcess@4       100c727c     kernel32:KERNEL32.dll
 0005:00000280       __imp__InterlockedExchange@8 100c7280     kernel32:KERNEL32.dll
 0005:00000284       __imp__GetACP@0            100c7284     kernel32:KERNEL32.dll
 0005:00000288       __imp__GetOEMCP@0          100c7288     kernel32:KERNEL32.dll
 0005:0000028c       __imp__GetCPInfo@8         100c728c     kernel32:KERNEL32.dll
 0005:00000290       __imp__IsValidCodePage@4   100c7290     kernel32:KERNEL32.dll
 0005:00000294       __imp__TlsAlloc@0          100c7294     kernel32:KERNEL32.dll
 0005:00000298       __imp__TlsGetValue@4       100c7298     kernel32:KERNEL32.dll
 0005:0000029c       __imp__TlsSetValue@8       100c729c     kernel32:KERNEL32.dll
 0005:000002a0       __imp__TlsFree@4           100c72a0     kernel32:KERNEL32.dll
 0005:000002a4       __imp__SetLastError@4      100c72a4     kernel32:KERNEL32.dll
 0005:000002a8       __imp__GetCurrentThread@0  100c72a8     kernel32:KERNEL32.dll
 0005:000002ac       __imp__HeapValidate@12     100c72ac     kernel32:KERNEL32.dll
 0005:000002b0       __imp__IsBadReadPtr@8      100c72b0     kernel32:KERNEL32.dll
 0005:000002b4       __imp__RtlUnwind@16        100c72b4     kernel32:KERNEL32.dll
 0005:000002b8       __imp__GetModuleFileNameA@12 100c72b8     kernel32:KERNEL32.dll
 0005:000002bc       __imp__FreeEnvironmentStringsW@4 100c72bc     kernel32:KERNEL32.dll
 0005:000002c0       __imp__GetEnvironmentStringsW@0 100c72c0     kernel32:KERNEL32.dll
 0005:000002c4       __imp__HeapCreate@12       100c72c4     kernel32:KERNEL32.dll
 0005:000002c8       __imp__HeapDestroy@4       100c72c8     kernel32:KERNEL32.dll
 0005:000002cc       __imp__QueryPerformanceCounter@4 100c72cc     kernel32:KERNEL32.dll
 0005:000002d0       __imp__GetTickCount@0      100c72d0     kernel32:KERNEL32.dll
 0005:000002d4       __imp__GetCurrentProcessId@0 100c72d4     kernel32:KERNEL32.dll
 0005:000002d8       __imp__FatalAppExitA@8     100c72d8     kernel32:KERNEL32.dll
 0005:000002dc       __imp__OutputDebugStringA@4 100c72dc     kernel32:KERNEL32.dll
 0005:000002e0       __imp__WriteConsoleW@20    100c72e0     kernel32:KERNEL32.dll
 0005:000002e4       __imp__OutputDebugStringW@4 100c72e4     kernel32:KERNEL32.dll
 0005:000002e8       __imp__SetConsoleCtrlHandler@8 100c72e8     kernel32:KERNEL32.dll
 0005:000002ec       __imp__LoadLibraryW@4      100c72ec     kernel32:KERNEL32.dll
 0005:000002f0       __imp__FreeLibrary@4       100c72f0     kernel32:KERNEL32.dll
 0005:000002f4       __imp__GetLocaleInfoW@16   100c72f4     kernel32:KERNEL32.dll
 0005:000002f8       __imp__LCMapStringW@24     100c72f8     kernel32:KERNEL32.dll
 0005:000002fc       __imp__GetStringTypeW@16   100c72fc     kernel32:KERNEL32.dll
 0005:00000300       __imp__HeapReAlloc@16      100c7300     kernel32:KERNEL32.dll
 0005:00000304       __imp__HeapSize@12         100c7304     kernel32:KERNEL32.dll
 0005:00000308       __imp__HeapQueryInformation@20 100c7308     kernel32:KERNEL32.dll
 0005:0000030c       __imp__FlushFileBuffers@4  100c730c     kernel32:KERNEL32.dll
 0005:00000310       __imp__RaiseException@16   100c7310     kernel32:KERNEL32.dll
 0005:00000314       __imp__GetLocaleInfoA@16   100c7314     kernel32:KERNEL32.dll
 0005:00000318       __imp__IsValidLocale@8     100c7318     kernel32:KERNEL32.dll
 0005:0000031c       __imp__EnumSystemLocalesA@8 100c731c     kernel32:KERNEL32.dll
 0005:00000320       __imp__GetUserDefaultLCID@0 100c7320     kernel32:KERNEL32.dll
 0005:00000324       \177KERNEL32_NULL_THUNK_DATA 100c7324     kernel32:KERNEL32.dll

 entry point at        0002:00000b68

